[    0.000000] microcode: microcode updated early to revision 0x2f, date = 2019-02-17
[    0.000000] Linux version 4.19.107-1-MANJARO (builder@77aca3e512fa) (gcc version 9.2.1 20200130 (Arch Linux 9.2.1+20200130-2)) #1 SMP Fri Feb 28 21:14:27 UTC 2020
[    0.000000] Command line: BOOT_IMAGE=/boot/vmlinuz-4.19-x86_64 root=UUID=892842d2-eefd-48ed-8375-4ba6267bb875 rw resume=UUID=69b8af17-19ae-43ff-a8bb-cb9117ef77fe text maxcpus=4
[    0.000000] KERNEL supported cpus:
[    0.000000]   Intel GenuineIntel
[    0.000000]   AMD AuthenticAMD
[    0.000000]   Centaur CentaurHauls
[    0.000000] x86/fpu: Supporting XSAVE feature 0x001: 'x87 floating point registers'
[    0.000000] x86/fpu: Supporting XSAVE feature 0x002: 'SSE registers'
[    0.000000] x86/fpu: Supporting XSAVE feature 0x004: 'AVX registers'
[    0.000000] x86/fpu: xstate_offset[2]:  576, xstate_sizes[2]:  256
[    0.000000] x86/fpu: Enabled xstate features 0x7, context size is 832 bytes, using 'standard' format.
[    0.000000] BIOS-provided physical RAM map:
[    0.000000] BIOS-e820: [mem 0x0000000000000000-0x000000000009d7ff] usable
[    0.000000] BIOS-e820: [mem 0x000000000009d800-0x000000000009ffff] reserved
[    0.000000] BIOS-e820: [mem 0x00000000000e0000-0x00000000000fffff] reserved
[    0.000000] BIOS-e820: [mem 0x0000000000100000-0x000000001fffffff] usable
[    0.000000] BIOS-e820: [mem 0x0000000020000000-0x00000000201fffff] reserved
[    0.000000] BIOS-e820: [mem 0x0000000020200000-0x000000003fffffff] usable
[    0.000000] BIOS-e820: [mem 0x0000000040000000-0x00000000401fffff] reserved
[    0.000000] BIOS-e820: [mem 0x0000000040200000-0x00000000aaabefff] usable
[    0.000000] BIOS-e820: [mem 0x00000000aaabf000-0x00000000aaebefff] reserved
[    0.000000] BIOS-e820: [mem 0x00000000aaebf000-0x00000000aafbefff] ACPI NVS
[    0.000000] BIOS-e820: [mem 0x00000000aafbf000-0x00000000aaffefff] ACPI data
[    0.000000] BIOS-e820: [mem 0x00000000aafff000-0x00000000aaffffff] usable
[    0.000000] BIOS-e820: [mem 0x00000000ab000000-0x00000000af9fffff] reserved
[    0.000000] BIOS-e820: [mem 0x00000000e0000000-0x00000000efffffff] reserved
[    0.000000] BIOS-e820: [mem 0x00000000feb00000-0x00000000feb03fff] reserved
[    0.000000] BIOS-e820: [mem 0x00000000fec00000-0x00000000fec00fff] reserved
[    0.000000] BIOS-e820: [mem 0x00000000fed10000-0x00000000fed19fff] reserved
[    0.000000] BIOS-e820: [mem 0x00000000fed1c000-0x00000000fed1ffff] reserved
[    0.000000] BIOS-e820: [mem 0x00000000fee00000-0x00000000fee00fff] reserved
[    0.000000] BIOS-e820: [mem 0x00000000ffd80000-0x00000000ffffffff] reserved
[    0.000000] BIOS-e820: [mem 0x0000000100000000-0x000000024f5fffff] usable
[    0.000000] NX (Execute Disable) protection: active
[    0.000000] SMBIOS 2.7 present.
[    0.000000] DMI: Hewlett-Packard HP Pavilion g4 Notebook PC/183D, BIOS F.09 05/31/2012
[    0.000000] tsc: Fast TSC calibration using PIT
[    0.000000] tsc: Detected 2294.683 MHz processor
[    0.002177] e820: update [mem 0x00000000-0x00000fff] usable ==> reserved
[    0.002178] e820: remove [mem 0x000a0000-0x000fffff] usable
[    0.002186] last_pfn = 0x24f600 max_arch_pfn = 0x400000000
[    0.002191] MTRR default type: uncachable
[    0.002192] MTRR fixed ranges enabled:
[    0.002193]   00000-9FFFF write-back
[    0.002194]   A0000-BFFFF uncachable
[    0.002195]   C0000-E7FFF write-protect
[    0.002195]   E8000-EFFFF write-combining
[    0.002196]   F0000-FFFFF write-protect
[    0.002197] MTRR variable ranges enabled:
[    0.002199]   0 base 000000000 mask F80000000 write-back
[    0.002200]   1 base 080000000 mask FE0000000 write-back
[    0.002201]   2 base 0A0000000 mask FF8000000 write-back
[    0.002201]   3 base 0A8000000 mask FFE000000 write-back
[    0.002202]   4 base 0AA000000 mask FFF000000 write-back
[    0.002203]   5 base 0FFC00000 mask FFFC00000 write-protect
[    0.002204]   6 base 100000000 mask F00000000 write-back
[    0.002205]   7 base 200000000 mask F80000000 write-back
[    0.002206]   8 base 24F600000 mask FFFE00000 uncachable
[    0.002207]   9 base 24F800000 mask FFF800000 uncachable
[    0.002947] x86/PAT: Configuration [0-7]: WB  WC  UC- UC  WB  WP  UC- WT  
[    0.003063] last_pfn = 0xab000 max_arch_pfn = 0x400000000
[    0.014631] found SMP MP-table at [mem 0x000fe1b0-0x000fe1bf]
[    0.014981] Scanning 1 areas for low memory corruption
[    0.014984] reserving inaccessible SNB gfx pages
[    0.014990] BRK [0x139c01000, 0x139c01fff] PGTABLE
[    0.014991] BRK [0x139c02000, 0x139c02fff] PGTABLE
[    0.014993] BRK [0x139c03000, 0x139c03fff] PGTABLE
[    0.015039] BRK [0x139c04000, 0x139c04fff] PGTABLE
[    0.015042] BRK [0x139c05000, 0x139c05fff] PGTABLE
[    0.015167] BRK [0x139c06000, 0x139c06fff] PGTABLE
[    0.015324] BRK [0x139c07000, 0x139c07fff] PGTABLE
[    0.015335] BRK [0x139c08000, 0x139c08fff] PGTABLE
[    0.015384] BRK [0x139c09000, 0x139c09fff] PGTABLE
[    0.015452] BRK [0x139c0a000, 0x139c0afff] PGTABLE
[    0.015591] RAMDISK: [mem 0x358b1000-0x36c4ffff]
[    0.015598] ACPI: Early table checksum verification disabled
[    0.015837] ACPI: RSDP 0x00000000000FE020 000024 (v02 HPQOEM)
[    0.015840] ACPI: XSDT 0x00000000AAFFE210 000094 (v01 HPQOEM SLIC-MPC 00000001      01000013)
[    0.015846] ACPI: FACP 0x00000000AAFFB000 0000F4 (v04 HPQOEM SLIC-MPC 00000001 ACPI 00040000)
[    0.015852] ACPI: DSDT 0x00000000AAFEB000 00C408 (v01 HPQOEM 183D     00000000 ACPI 00040000)
[    0.015856] ACPI: FACS 0x00000000AAFBA000 000040
[    0.015858] ACPI: FACS 0x00000000AAFBA000 000040
[    0.015861] ACPI: UEFI 0x00000000AAFFD000 000236 (v01 HPQOEM 183D     00000001 ACPI 00040000)
[    0.015864] ACPI: ASF! 0x00000000AAFFC000 0000A5 (v32 HPQOEM 183D     00000001 ACPI 00040000)
[    0.015867] ACPI: HPET 0x00000000AAFFA000 000038 (v01 HPQOEM 183D     00000001 ACPI 00040000)
[    0.015870] ACPI: APIC 0x00000000AAFF9000 00008C (v02 HPQOEM 183D     00000001 ACPI 00040000)
[    0.015873] ACPI: MCFG 0x00000000AAFF8000 00003C (v01 HPQOEM 183D     00000001 ACPI 00040000)
[    0.015876] ACPI: SLIC 0x00000000AAFEA000 000176 (v01 HPQOEM SLIC-MPC 00000001 SLIC 000F4240)
[    0.015879] ACPI: WDAT 0x00000000AAFE9000 000224 (v01 HPQOEM 183D     00000001 ACPI 00040000)
[    0.015882] ACPI: SSDT 0x00000000AAFE8000 000E21 (v01 HPQOEM 183D     00001000 ACPI 00040000)
[    0.015886] ACPI: BOOT 0x00000000AAFE6000 000028 (v01 HPQOEM 183D     00000001 ACPI 00040000)
[    0.015889] ACPI: ASPT 0x00000000AAFE1000 000034 (v07 HPQOEM 183D     00000001 ACPI 00040000)
[    0.015892] ACPI: FPDT 0x00000000AAFDF000 000044 (v01 HPQOEM 183D     00000001 ACPI 00040000)
[    0.015895] ACPI: SSDT 0x00000000AAFDE000 0009AA (v01 HPQOEM 183D     00003000 ACPI 00040000)
[    0.015898] ACPI: SSDT 0x00000000AAFDD000 000A92 (v01 HPQOEM 183D     00003000 ACPI 00040000)
[    0.015907] ACPI: Local APIC address 0xfee00000
[    0.015994] No NUMA configuration found
[    0.015995] Faking a node at [mem 0x0000000000000000-0x000000024f5fffff]
[    0.015999] NODE_DATA(0) allocated [mem 0x24f5f8000-0x24f5fbfff]
[    0.016024] Zone ranges:
[    0.016025]   DMA      [mem 0x0000000000001000-0x0000000000ffffff]
[    0.016026]   DMA32    [mem 0x0000000001000000-0x00000000ffffffff]
[    0.016027]   Normal   [mem 0x0000000100000000-0x000000024f5fffff]
[    0.016028]   Device   empty
[    0.016029] Movable zone start for each node
[    0.016029] Early memory node ranges
[    0.016030]   node   0: [mem 0x0000000000001000-0x000000000009cfff]
[    0.016031]   node   0: [mem 0x0000000000100000-0x000000001fffffff]
[    0.016032]   node   0: [mem 0x0000000020200000-0x000000003fffffff]
[    0.016033]   node   0: [mem 0x0000000040200000-0x00000000aaabefff]
[    0.016033]   node   0: [mem 0x00000000aafff000-0x00000000aaffffff]
[    0.016034]   node   0: [mem 0x0000000100000000-0x000000024f5fffff]
[    0.016506] Zeroed struct page in unavailable ranges: 25508 pages
[    0.016507] Initmem setup node 0 [mem 0x0000000000001000-0x000000024f5fffff]
[    0.016509] On node 0 totalpages: 2071644
[    0.016510]   DMA zone: 64 pages used for memmap
[    0.016511]   DMA zone: 156 pages reserved
[    0.016512]   DMA zone: 3996 pages, LIFO batch:0
[    0.016619]   DMA32 zone: 10843 pages used for memmap
[    0.016620]   DMA32 zone: 693952 pages, LIFO batch:63
[    0.036220]   Normal zone: 21464 pages used for memmap
[    0.036222]   Normal zone: 1373696 pages, LIFO batch:63
[    0.071096] Reserving Intel graphics memory at [mem 0xaba00000-0xaf9fffff]
[    0.071319] ACPI: PM-Timer IO Port: 0x408
[    0.071321] ACPI: Local APIC address 0xfee00000
[    0.071338] IOAPIC[0]: apic_id 0, version 32, address 0xfec00000, GSI 0-23
[    0.071340] ACPI: INT_SRC_OVR (bus 0 bus_irq 0 global_irq 2 dfl dfl)
[    0.071342] ACPI: INT_SRC_OVR (bus 0 bus_irq 9 global_irq 9 high level)
[    0.071343] ACPI: IRQ0 used by override.
[    0.071344] ACPI: IRQ9 used by override.
[    0.071346] Using ACPI (MADT) for SMP configuration information
[    0.071348] ACPI: HPET id: 0x8086a201 base: 0xfed00000
[    0.071354] smpboot: Allowing 8 CPUs, 4 hotplug CPUs
[    0.071376] PM: Registered nosave memory: [mem 0x00000000-0x00000fff]
[    0.071378] PM: Registered nosave memory: [mem 0x0009d000-0x0009dfff]
[    0.071379] PM: Registered nosave memory: [mem 0x0009e000-0x0009ffff]
[    0.071379] PM: Registered nosave memory: [mem 0x000a0000-0x000dffff]
[    0.071380] PM: Registered nosave memory: [mem 0x000e0000-0x000fffff]
[    0.071382] PM: Registered nosave memory: [mem 0x20000000-0x201fffff]
[    0.071383] PM: Registered nosave memory: [mem 0x40000000-0x401fffff]
[    0.071385] PM: Registered nosave memory: [mem 0xaaabf000-0xaaebefff]
[    0.071385] PM: Registered nosave memory: [mem 0xaaebf000-0xaafbefff]
[    0.071386] PM: Registered nosave memory: [mem 0xaafbf000-0xaaffefff]
[    0.071388] PM: Registered nosave memory: [mem 0xab000000-0xaf9fffff]
[    0.071388] PM: Registered nosave memory: [mem 0xafa00000-0xdfffffff]
[    0.071389] PM: Registered nosave memory: [mem 0xe0000000-0xefffffff]
[    0.071389] PM: Registered nosave memory: [mem 0xf0000000-0xfeafffff]
[    0.071390] PM: Registered nosave memory: [mem 0xfeb00000-0xfeb03fff]
[    0.071391] PM: Registered nosave memory: [mem 0xfeb04000-0xfebfffff]
[    0.071391] PM: Registered nosave memory: [mem 0xfec00000-0xfec00fff]
[    0.071392] PM: Registered nosave memory: [mem 0xfec01000-0xfed0ffff]
[    0.071393] PM: Registered nosave memory: [mem 0xfed10000-0xfed19fff]
[    0.071393] PM: Registered nosave memory: [mem 0xfed1a000-0xfed1bfff]
[    0.071394] PM: Registered nosave memory: [mem 0xfed1c000-0xfed1ffff]
[    0.071394] PM: Registered nosave memory: [mem 0xfed20000-0xfedfffff]
[    0.071395] PM: Registered nosave memory: [mem 0xfee00000-0xfee00fff]
[    0.071396] PM: Registered nosave memory: [mem 0xfee01000-0xffd7ffff]
[    0.071396] PM: Registered nosave memory: [mem 0xffd80000-0xffffffff]
[    0.071398] [mem 0xafa00000-0xdfffffff] available for PCI devices
[    0.071399] Booting paravirtualized kernel on bare hardware
[    0.071402] clocksource: refined-jiffies: mask: 0xffffffff max_cycles: 0xffffffff, max_idle_ns: 19112604462750000 ns
[    0.212294] random: get_random_bytes called from start_kernel+0x93/0x530 with crng_init=0
[    0.212304] setup_percpu: NR_CPUS:320 nr_cpumask_bits:320 nr_cpu_ids:8 nr_node_ids:1
[    0.212537] percpu: Embedded 46 pages/cpu s151552 r8192 d28672 u262144
[    0.212546] pcpu-alloc: s151552 r8192 d28672 u262144 alloc=1*2097152
[    0.212547] pcpu-alloc: [0] 0 1 2 3 4 5 6 7 
[    0.212569] Built 1 zonelists, mobility grouping on.  Total pages: 2039117
[    0.212570] Policy zone: Normal
[    0.212572] Kernel command line: BOOT_IMAGE=/boot/vmlinuz-4.19-x86_64 root=UUID=892842d2-eefd-48ed-8375-4ba6267bb875 rw resume=UUID=69b8af17-19ae-43ff-a8bb-cb9117ef77fe text maxcpus=4
[    0.216905] Calgary: detecting Calgary via BIOS EBDA area
[    0.216908] Calgary: Unable to locate Rio Grande table in EBDA - bailing!
[    0.240973] Memory: 8038500K/8286576K available (12300K kernel code, 1365K rwdata, 3604K rodata, 1616K init, 3728K bss, 248076K reserved, 0K cma-reserved)
[    0.241075] SLUB: HWalign=64, Order=0-3, MinObjects=0, CPUs=8, Nodes=1
[    0.241080] Kernel/User page tables isolation: enabled
[    0.241136] ftrace: allocating 36374 entries in 143 pages
[    0.257111] rcu: Hierarchical RCU implementation.
[    0.257112] rcu: 	RCU restricting CPUs from NR_CPUS=320 to nr_cpu_ids=8.
[    0.257114] rcu: Adjusting geometry for rcu_fanout_leaf=16, nr_cpu_ids=8
[    0.258856] NR_IRQS: 20736, nr_irqs: 488, preallocated irqs: 16
[    0.259068] Console: colour dummy device 80x25
[    0.259073] console [tty0] enabled
[    0.259091] ACPI: Core revision 20180810
[    0.259318] clocksource: hpet: mask: 0xffffffff max_cycles: 0xffffffff, max_idle_ns: 133484882848 ns
[    0.259330] hpet clockevent registered
[    0.259335] APIC: Switch to symmetric I/O mode setup
[    0.259406] x2apic: IRQ remapping doesn't support X2APIC mode
[    0.259849] ..TIMER: vector=0x30 apic1=0 pin1=2 apic2=-1 pin2=-1
[    0.309337] clocksource: tsc-early: mask: 0xffffffffffffffff max_cycles: 0x21139665057, max_idle_ns: 440795304652 ns
[    0.309351] Calibrating delay loop (skipped), value calculated using timer frequency.. 4589.36 BogoMIPS (lpj=22946830)
[    0.309354] pid_max: default: 32768 minimum: 301
[    0.309385] Security Framework initialized
[    0.309386] Yama: becoming mindful.
[    0.309391] AppArmor: AppArmor disabled by boot time parameter
[    0.310579] Dentry cache hash table entries: 1048576 (order: 11, 8388608 bytes)
[    0.311205] Inode-cache hash table entries: 524288 (order: 10, 4194304 bytes)
[    0.311241] Mount-cache hash table entries: 16384 (order: 5, 131072 bytes)
[    0.311262] Mountpoint-cache hash table entries: 16384 (order: 5, 131072 bytes)
[    0.311487] ENERGY_PERF_BIAS: Set to 'normal', was 'performance'
[    0.311487] ENERGY_PERF_BIAS: View and update with x86_energy_perf_policy(8)
[    0.311503] CPU0: Thermal monitoring enabled (TM1)
[    0.311512] process: using mwait in idle threads
[    0.311515] Last level iTLB entries: 4KB 512, 2MB 8, 4MB 8
[    0.311516] Last level dTLB entries: 4KB 512, 2MB 32, 4MB 32, 1GB 0
[    0.311517] Spectre V1 : Mitigation: usercopy/swapgs barriers and __user pointer sanitization
[    0.311519] Spectre V2 : Mitigation: Full generic retpoline
[    0.311520] Spectre V2 : Spectre v2 / SpectreRSB mitigation: Filling RSB on context switch
[    0.311520] Spectre V2 : Enabling Restricted Speculation for firmware calls
[    0.311529] Spectre V2 : mitigation: Enabling conditional Indirect Branch Prediction Barrier
[    0.311529] Spectre V2 : User space: Mitigation: STIBP via seccomp and prctl
[    0.311531] Speculative Store Bypass: Mitigation: Speculative Store Bypass disabled via prctl and seccomp
[    0.311561] MDS: Mitigation: Clear CPU buffers
[    0.311744] Freeing SMP alternatives memory: 28K
[    0.319417] TSC deadline timer enabled
[    0.319420] smpboot: CPU0: Intel(R) Core(TM) i3-2350M CPU @ 2.30GHz (family: 0x6, model: 0x2a, stepping: 0x7)
[    0.319520] Performance Events: PEBS fmt1+, SandyBridge events, 16-deep LBR, full-width counters, Intel PMU driver.
[    0.319543] ... version:                3
[    0.319544] ... bit width:              48
[    0.319544] ... generic registers:      4
[    0.319545] ... value mask:             0000ffffffffffff
[    0.319546] ... max period:             00007fffffffffff
[    0.319546] ... fixed-purpose events:   3
[    0.319547] ... event mask:             000000070000000f
[    0.319587] rcu: Hierarchical SRCU implementation.
[    0.320524] NMI watchdog: Enabled. Permanently consumes one hw-PMU counter.
[    0.320600] smp: Bringing up secondary CPUs ...
[    0.320696] x86: Booting SMP configuration:
[    0.320697] .... node  #0, CPUs:      #1
[    0.323998] MDS CPU bug present and SMT on, data leak possible. See https://www.kernel.org/doc/html/latest/admin-guide/hw-vuln/mds.html for more details.
[    0.323998]  #2 #3
[    0.329390] smp: Brought up 1 node, 4 CPUs
[    0.329390] smpboot: Max logical packages: 2
[    0.329390] smpboot: Total of 4 processors activated (18357.46 BogoMIPS)
[    0.332636] devtmpfs: initialized
[    0.332636] x86/mm: Memory block size: 128MB
[    0.332636] PM: Registering ACPI NVS region [mem 0xaaebf000-0xaafbefff] (1048576 bytes)
[    0.332636] clocksource: jiffies: mask: 0xffffffff max_cycles: 0xffffffff, max_idle_ns: 19112604462750000 ns
[    0.332636] futex hash table entries: 2048 (order: 5, 131072 bytes)
[    0.332636] pinctrl core: initialized pinctrl subsystem
[    0.332636] RTC time:  5:56:59, date: 03/12/20
[    0.332636] NET: Registered protocol family 16
[    0.332636] audit: initializing netlink subsys (disabled)
[    0.332636] audit: type=2000 audit(1583992619.070:1): state=initialized audit_enabled=0 res=1
[    0.332636] cpuidle: using governor ladder
[    0.332636] cpuidle: using governor menu
[    0.332636] Simple Boot Flag at 0x44 set to 0x1
[    0.332636] ACPI FADT declares the system doesn't support PCIe ASPM, so disable it
[    0.332636] ACPI: bus type PCI registered
[    0.332636] acpiphp: ACPI Hot Plug PCI Controller Driver version: 0.5
[    0.332636] PCI: MMCONFIG for domain 0000 [bus 00-ff] at [mem 0xe0000000-0xefffffff] (base 0xe0000000)
[    0.332636] PCI: MMCONFIG at [mem 0xe0000000-0xefffffff] reserved in E820
[    0.332636] PCI: Using configuration type 1 for base access
[    0.332636] core: PMU erratum BJ122, BV98, HSD29 worked around, HT is on
[    0.332636] HugeTLB registered 2.00 MiB page size, pre-allocated 0 pages
[    0.332636] ACPI: Added _OSI(Module Device)
[    0.332636] ACPI: Added _OSI(Processor Device)
[    0.332636] ACPI: Added _OSI(3.0 _SCP Extensions)
[    0.332636] ACPI: Added _OSI(Processor Aggregator Device)
[    0.332636] ACPI: Added _OSI(Linux-Dell-Video)
[    0.332636] ACPI: Added _OSI(Linux-Lenovo-NV-HDMI-Audio)
[    0.347584] ACPI: 4 ACPI AML tables successfully acquired and loaded
[    0.349171] ACPI: [Firmware Bug]: BIOS _OSI(Linux) query ignored
[    0.349171] ACPI: Dynamic OEM Table Load:
[    0.349171] ACPI: SSDT 0xFFFF9420C5881000 00083B (v01 PmRef  Cpu0Cst  00003001 INTL 20100121)
[    0.349768] ACPI: Dynamic OEM Table Load:
[    0.349774] ACPI: SSDT 0xFFFF9420C5A47000 000303 (v01 PmRef  ApIst    00003000 INTL 20100121)
[    0.350051] ACPI: Dynamic OEM Table Load:
[    0.350051] ACPI: SSDT 0xFFFF9420C5AE0A00 000119 (v01 PmRef  ApCst    00003000 INTL 20100121)
[    0.350343] ACPI: EC: EC started
[    0.350344] ACPI: EC: interrupt blocked
[    0.750101] ACPI: \_SB_.PCI0.LPCB.EC0_: Used as first EC
[    0.750103] ACPI: \_SB_.PCI0.LPCB.EC0_: GPE=0x1d, EC_CMD/EC_SC=0x66, EC_DATA=0x62
[    0.750105] ACPI: \_SB_.PCI0.LPCB.EC0_: Used as boot DSDT EC to handle transactions
[    0.750106] ACPI: Interpreter enabled
[    0.750136] ACPI: (supports S0 S3 S4 S5)
[    0.750137] ACPI: Using IOAPIC for interrupt routing
[    0.750174] PCI: Using host bridge windows from ACPI; if necessary, use "pci=nocrs" and report a bug
[    0.750432] ACPI: watchdog: Skipping WDAT on this system because it uses RTC SRAM
[    0.750448] ACPI: Enabled 7 GPEs in block 00 to 3F
[    0.757396] ACPI: PCI Root Bridge [PCI0] (domain 0000 [bus 00-fe])
[    0.757401] acpi PNP0A08:00: _OSC: OS supports [ExtendedConfig ASPM ClockPM Segments MSI]
[    0.757608] acpi PNP0A08:00: _OSC failed (AE_ERROR); disabling ASPM
[    0.758284] PCI host bridge to bus 0000:00
[    0.758287] pci_bus 0000:00: root bus resource [io  0x0000-0x0cf7 window]
[    0.758288] pci_bus 0000:00: root bus resource [io  0x0d00-0xffff window]
[    0.758289] pci_bus 0000:00: root bus resource [mem 0x000a0000-0x000bffff window]
[    0.758291] pci_bus 0000:00: root bus resource [mem 0xafa00000-0xfeafffff window]
[    0.758292] pci_bus 0000:00: root bus resource [bus 00-fe]
[    0.758300] pci 0000:00:00.0: [8086:0104] type 00 class 0x060000
[    0.758393] pci 0000:00:02.0: [8086:0116] type 00 class 0x030000
[    0.758405] pci 0000:00:02.0: reg 0x10: [mem 0xc2000000-0xc23fffff 64bit]
[    0.758410] pci 0000:00:02.0: reg 0x18: [mem 0xb0000000-0xbfffffff 64bit pref]
[    0.758414] pci 0000:00:02.0: reg 0x20: [io  0x4000-0x403f]
[    0.758544] pci 0000:00:14.0: [8086:1e31] type 00 class 0x0c0330
[    0.758570] pci 0000:00:14.0: reg 0x10: [mem 0xc2600000-0xc260ffff 64bit]
[    0.758643] pci 0000:00:14.0: PME# supported from D3hot D3cold
[    0.758727] pci 0000:00:16.0: [8086:1e3a] type 00 class 0x078000
[    0.758753] pci 0000:00:16.0: reg 0x10: [mem 0xc2614000-0xc261400f 64bit]
[    0.758830] pci 0000:00:16.0: PME# supported from D0 D3hot D3cold
[    0.758914] pci 0000:00:1a.0: [8086:1e2d] type 00 class 0x0c0320
[    0.759346] pci 0000:00:1a.0: reg 0x10: [mem 0xc2619000-0xc26193ff]
[    0.760993] pci 0000:00:1a.0: PME# supported from D0 D3hot D3cold
[    0.761078] pci 0000:00:1b.0: [8086:1e20] type 00 class 0x040300
[    0.761101] pci 0000:00:1b.0: reg 0x10: [mem 0xc2610000-0xc2613fff 64bit]
[    0.761178] pci 0000:00:1b.0: PME# supported from D0 D3hot D3cold
[    0.761260] pci 0000:00:1c.0: [8086:1e10] type 01 class 0x060400
[    0.761352] pci 0000:00:1c.0: PME# supported from D0 D3hot D3cold
[    0.761442] pci 0000:00:1c.1: [8086:1e12] type 01 class 0x060400
[    0.761533] pci 0000:00:1c.1: PME# supported from D0 D3hot D3cold
[    0.761620] pci 0000:00:1c.2: [8086:1e14] type 01 class 0x060400
[    0.761711] pci 0000:00:1c.2: PME# supported from D0 D3hot D3cold
[    0.761803] pci 0000:00:1d.0: [8086:1e26] type 00 class 0x0c0320
[    0.762348] pci 0000:00:1d.0: reg 0x10: [mem 0xc2618000-0xc26183ff]
[    0.763998] pci 0000:00:1d.0: PME# supported from D0 D3hot D3cold
[    0.764082] pci 0000:00:1f.0: [8086:1e59] type 00 class 0x060100
[    0.764264] pci 0000:00:1f.2: [8086:1e03] type 00 class 0x010601
[    0.764283] pci 0000:00:1f.2: reg 0x10: [io  0x4088-0x408f]
[    0.764291] pci 0000:00:1f.2: reg 0x14: [io  0x4094-0x4097]
[    0.764299] pci 0000:00:1f.2: reg 0x18: [io  0x4080-0x4087]
[    0.764306] pci 0000:00:1f.2: reg 0x1c: [io  0x4090-0x4093]
[    0.764314] pci 0000:00:1f.2: reg 0x20: [io  0x4060-0x407f]
[    0.764322] pci 0000:00:1f.2: reg 0x24: [mem 0xc2617000-0xc26177ff]
[    0.764366] pci 0000:00:1f.2: PME# supported from D3hot
[    0.764444] pci 0000:00:1f.3: [8086:1e22] type 00 class 0x0c0500
[    0.764464] pci 0000:00:1f.3: reg 0x10: [mem 0xc2615000-0xc26150ff 64bit]
[    0.764485] pci 0000:00:1f.3: reg 0x20: [io  0x4040-0x405f]
[    0.764653] pci 0000:01:00.0: [1814:539f] type 00 class 0x028000
[    0.764699] pci 0000:01:00.0: reg 0x10: [mem 0xc2500000-0xc250ffff]
[    0.765088] pci 0000:00:1c.0: PCI bridge to [bus 01]
[    0.765094] pci 0000:00:1c.0:   bridge window [mem 0xc2500000-0xc25fffff]
[    0.765176] pci 0000:02:00.0: [10ec:8136] type 00 class 0x020000
[    0.765211] pci 0000:02:00.0: reg 0x10: [io  0x3000-0x30ff]
[    0.765246] pci 0000:02:00.0: reg 0x18: [mem 0xc2404000-0xc2404fff 64bit pref]
[    0.765267] pci 0000:02:00.0: reg 0x20: [mem 0xc2400000-0xc2403fff 64bit pref]
[    0.765387] pci 0000:02:00.0: supports D1 D2
[    0.765388] pci 0000:02:00.0: PME# supported from D0 D1 D2 D3hot D3cold
[    0.765524] pci 0000:00:1c.1: PCI bridge to [bus 02]
[    0.765528] pci 0000:00:1c.1:   bridge window [io  0x3000-0x3fff]
[    0.765536] pci 0000:00:1c.1:   bridge window [mem 0xc2400000-0xc24fffff 64bit pref]
[    0.765687] pci 0000:03:00.0: [10ec:5229] type 00 class 0xff0000
[    0.765802] pci 0000:03:00.0: reg 0x10: [mem 0xc1000000-0xc1000fff]
[    0.766332] pci 0000:03:00.0: supports D1 D2
[    0.766333] pci 0000:03:00.0: PME# supported from D1 D2 D3hot
[    0.766642] pci 0000:00:1c.2: PCI bridge to [bus 03-08]
[    0.766646] pci 0000:00:1c.2:   bridge window [io  0x2000-0x2fff]
[    0.766650] pci 0000:00:1c.2:   bridge window [mem 0xc1000000-0xc1ffffff]
[    0.766656] pci 0000:00:1c.2:   bridge window [mem 0xc0000000-0xc0ffffff 64bit pref]
[    0.767255] ACPI: PCI Interrupt Link [LNKA] (IRQs 1 3 4 5 6 10 *11 12 14 15)
[    0.767342] ACPI: PCI Interrupt Link [LNKB] (IRQs 1 3 4 5 6 10 *11 12 14 15)
[    0.767426] ACPI: PCI Interrupt Link [LNKC] (IRQs 1 3 4 5 6 10 *11 12 14 15)
[    0.767509] ACPI: PCI Interrupt Link [LNKD] (IRQs 1 3 4 5 6 *10 11 12 14 15)
[    0.767593] ACPI: PCI Interrupt Link [LNKE] (IRQs 1 3 4 5 6 10 *11 12 14 15)
[    0.767676] ACPI: PCI Interrupt Link [LNKF] (IRQs 1 3 4 5 6 10 *11 12 14 15)
[    0.767759] ACPI: PCI Interrupt Link [LNKG] (IRQs 1 3 4 5 6 10 *11 12 14 15)
[    0.767842] ACPI: PCI Interrupt Link [LNKH] (IRQs 1 3 4 5 6 10 11 12 14 15) *0, disabled.
[    0.768026] ACPI: EC: interrupt unblocked
[    0.768037] ACPI: EC: event unblocked
[    0.768044] ACPI: \_SB_.PCI0.LPCB.EC0_: GPE=0x1d, EC_CMD/EC_SC=0x66, EC_DATA=0x62
[    0.768046] ACPI: \_SB_.PCI0.LPCB.EC0_: Used as boot DSDT EC to handle transactions and events
[    0.768121] pci 0000:00:02.0: vgaarb: setting as boot VGA device
[    0.768121] pci 0000:00:02.0: vgaarb: VGA device added: decodes=io+mem,owns=io+mem,locks=none
[    0.768121] pci 0000:00:02.0: vgaarb: bridge control possible
[    0.768121] vgaarb: loaded
[    0.768121] ACPI: bus type USB registered
[    0.768121] usbcore: registered new interface driver usbfs
[    0.768121] usbcore: registered new interface driver hub
[    0.768121] usbcore: registered new device driver usb
[    0.768121] pps_core: LinuxPPS API ver. 1 registered
[    0.768121] pps_core: Software ver. 5.3.6 - Copyright 2005-2007 Rodolfo Giometti <giometti@linux.it>
[    0.768121] PTP clock support registered
[    0.768121] EDAC MC: Ver: 3.0.0
[    0.768121] PCI: Using ACPI for IRQ routing
[    0.776250] PCI: pci_cache_line_size set to 64 bytes
[    0.776359] e820: reserve RAM buffer [mem 0x0009d800-0x0009ffff]
[    0.776360] e820: reserve RAM buffer [mem 0xaaabf000-0xabffffff]
[    0.776361] e820: reserve RAM buffer [mem 0xab000000-0xabffffff]
[    0.776362] e820: reserve RAM buffer [mem 0x24f600000-0x24fffffff]
[    0.776465] NetLabel: Initializing
[    0.776466] NetLabel:  domain hash size = 128
[    0.776466] NetLabel:  protocols = UNLABELED CIPSOv4 CALIPSO
[    0.776482] NetLabel:  unlabeled traffic allowed by default
[    0.776486] hpet0: at MMIO 0xfed00000, IRQs 2, 8, 0, 0, 0, 0, 0, 0
[    0.776486] hpet0: 8 comparators, 64-bit 14.318180 MHz counter
[    0.776486] clocksource: Switched to clocksource tsc-early
[    0.780120] VFS: Disk quotas dquot_6.6.0
[    0.780120] VFS: Dquot-cache hash table entries: 512 (order 0, 4096 bytes)
[    0.780120] pnp: PnP ACPI init
[    0.780820] system 00:00: [io  0x0680-0x069f] has been reserved
[    0.780822] system 00:00: [io  0x1000-0x100f] has been reserved
[    0.780823] system 00:00: [io  0xffff] has been reserved
[    0.780825] system 00:00: [io  0xffff] has been reserved
[    0.780826] system 00:00: [io  0x0400-0x0453] has been reserved
[    0.780828] system 00:00: [io  0x0458-0x047f] has been reserved
[    0.780829] system 00:00: [io  0x0500-0x057f] has been reserved
[    0.780830] system 00:00: [io  0x164e-0x164f] has been reserved
[    0.780831] system 00:00: [io  0x0454-0x0457] has been reserved
[    0.780833] system 00:00: [io  0x0380-0x0387] has been reserved
[    0.780839] system 00:00: Plug and Play ACPI device, IDs PNP0c02 (active)
[    0.780866] pnp 00:01: Plug and Play ACPI device, IDs PNP0b00 (active)
[    0.780905] pnp 00:02: Plug and Play ACPI device, IDs PNP0303 (active)
[    0.780940] pnp 00:03: Plug and Play ACPI device, IDs SYN1e5f SYN1e00 SYN0002 PNP0f13 (active)
[    0.781161] system 00:04: [mem 0xfed1c000-0xfed1ffff] has been reserved
[    0.781163] system 00:04: [mem 0xfed10000-0xfed17fff] has been reserved
[    0.781164] system 00:04: [mem 0xfed18000-0xfed18fff] has been reserved
[    0.781165] system 00:04: [mem 0xfed19000-0xfed19fff] has been reserved
[    0.781167] system 00:04: [mem 0xe0000000-0xefffffff] has been reserved
[    0.781168] system 00:04: [mem 0xfed20000-0xfed3ffff] has been reserved
[    0.781170] system 00:04: [mem 0xfed90000-0xfed93fff] has been reserved
[    0.781171] system 00:04: [mem 0xff000000-0xffffffff] could not be reserved
[    0.781173] system 00:04: [mem 0xfee00000-0xfeefffff] could not be reserved
[    0.781174] system 00:04: [mem 0xafa00000-0xafa00fff] has been reserved
[    0.781178] system 00:04: Plug and Play ACPI device, IDs PNP0c02 (active)
[    0.781462] system 00:05: [mem 0x20000000-0x201fffff] has been reserved
[    0.781464] system 00:05: [mem 0x40000000-0x401fffff] has been reserved
[    0.781467] system 00:05: Plug and Play ACPI device, IDs PNP0c01 (active)
[    0.781490] pnp: PnP ACPI: found 6 devices
[    0.787339] clocksource: acpi_pm: mask: 0xffffff max_cycles: 0xffffff, max_idle_ns: 2085701024 ns
[    0.787372] pci 0000:00:1c.0: PCI bridge to [bus 01]
[    0.787378] pci 0000:00:1c.0:   bridge window [mem 0xc2500000-0xc25fffff]
[    0.787386] pci 0000:00:1c.1: PCI bridge to [bus 02]
[    0.787389] pci 0000:00:1c.1:   bridge window [io  0x3000-0x3fff]
[    0.787396] pci 0000:00:1c.1:   bridge window [mem 0xc2400000-0xc24fffff 64bit pref]
[    0.787402] pci 0000:00:1c.2: PCI bridge to [bus 03-08]
[    0.787405] pci 0000:00:1c.2:   bridge window [io  0x2000-0x2fff]
[    0.787410] pci 0000:00:1c.2:   bridge window [mem 0xc1000000-0xc1ffffff]
[    0.787414] pci 0000:00:1c.2:   bridge window [mem 0xc0000000-0xc0ffffff 64bit pref]
[    0.787421] pci_bus 0000:00: resource 4 [io  0x0000-0x0cf7 window]
[    0.787422] pci_bus 0000:00: resource 5 [io  0x0d00-0xffff window]
[    0.787423] pci_bus 0000:00: resource 6 [mem 0x000a0000-0x000bffff window]
[    0.787425] pci_bus 0000:00: resource 7 [mem 0xafa00000-0xfeafffff window]
[    0.787426] pci_bus 0000:01: resource 1 [mem 0xc2500000-0xc25fffff]
[    0.787427] pci_bus 0000:02: resource 0 [io  0x3000-0x3fff]
[    0.787428] pci_bus 0000:02: resource 2 [mem 0xc2400000-0xc24fffff 64bit pref]
[    0.787429] pci_bus 0000:03: resource 0 [io  0x2000-0x2fff]
[    0.787431] pci_bus 0000:03: resource 1 [mem 0xc1000000-0xc1ffffff]
[    0.787432] pci_bus 0000:03: resource 2 [mem 0xc0000000-0xc0ffffff 64bit pref]
[    0.787515] NET: Registered protocol family 2
[    0.787675] tcp_listen_portaddr_hash hash table entries: 4096 (order: 4, 65536 bytes)
[    0.787707] TCP established hash table entries: 65536 (order: 7, 524288 bytes)
[    0.787837] TCP bind hash table entries: 65536 (order: 8, 1048576 bytes)
[    0.787971] TCP: Hash tables configured (established 65536 bind 65536)
[    0.788017] UDP hash table entries: 4096 (order: 5, 131072 bytes)
[    0.788043] UDP-Lite hash table entries: 4096 (order: 5, 131072 bytes)
[    0.788111] NET: Registered protocol family 1
[    0.788118] NET: Registered protocol family 44
[    0.788129] pci 0000:00:02.0: Video device with shadowed ROM at [mem 0x000c0000-0x000dffff]
[    0.819513] pci 0000:00:1a.0: quirk_usb_early_handoff+0x0/0x6ab took 29239 usecs
[    0.849510] pci 0000:00:1d.0: quirk_usb_early_handoff+0x0/0x6ab took 29274 usecs
[    0.849571] PCI: CLS 64 bytes, default 64
[    0.849612] Unpacking initramfs...
[    1.150093] Freeing initrd memory: 20092K
[    1.150109] PCI-DMA: Using software bounce buffering for IO (SWIOTLB)
[    1.150111] software IO TLB: mapped [mem 0xa6abf000-0xaaabf000] (64MB)
[    1.150254] Scanning for low memory corruption every 60 seconds
[    1.150845] Initialise system trusted keyrings
[    1.150853] Key type blacklist registered
[    1.150912] workingset: timestamp_bits=41 max_order=21 bucket_order=0
[    1.152116] zbud: loaded
[    1.153549] Key type asymmetric registered
[    1.153551] Asymmetric key parser 'x509' registered
[    1.153566] Block layer SCSI generic (bsg) driver version 0.4 loaded (major 244)
[    1.153603] io scheduler noop registered
[    1.153604] io scheduler deadline registered
[    1.153637] io scheduler cfq registered
[    1.153638] io scheduler mq-deadline registered
[    1.153639] io scheduler kyber registered
[    1.153659] io scheduler bfq registered
[    1.153679] io scheduler bfq-sq registered (default)
[    1.153680] BFQ I/O-scheduler: v10 (with cgroups support)
[    1.153700] io scheduler bfq-mq registered
[    1.153701] BFQ I/O-scheduler: v10 (with cgroups support)
[    1.154312] shpchp: Standard Hot Plug PCI Controller Driver version: 0.4
[    1.154384] vesafb: mode is 1366x768x32, linelength=5504, pages=0
[    1.154385] vesafb: scrolling: redraw
[    1.154386] vesafb: Truecolor: size=8:8:8:8, shift=24:16:8:0
[    1.154400] vesafb: framebuffer at 0xb0000000, mapped to 0x(____ptrval____), using 4160k, total 4160k
[    1.154445] fbcon: Deferring console take-over
[    1.154446] fb0: VESA VGA frame buffer device
[    1.154459] intel_idle: MWAIT substates: 0x21120
[    1.154460] intel_idle: v0.4.1 model 0x2A
[    1.154632] intel_idle: lapic_timer_reliable_states 0xffffffff
[    1.154677] input: Lid Switch as /devices/LNXSYSTM:00/LNXSYBUS:00/PNP0C0D:00/input/input0
[    1.154685] ACPI: Lid Switch [LID0]
[    1.154718] input: Power Button as /devices/LNXSYSTM:00/LNXSYBUS:00/PNP0C0C:00/input/input1
[    1.154726] ACPI: Power Button [PWRB]
[    1.154773] input: Power Button as /devices/LNXSYSTM:00/LNXPWRBN:00/input/input2
[    1.154788] ACPI: Power Button [PWRF]
[    1.155539] [Firmware Bug]: Invalid critical threshold (0)
[    1.157090] thermal LNXTHERM:00: registered as thermal_zone0
[    1.157092] ACPI: Thermal Zone [TZ01] (60 C)
[    1.157249] Serial: 8250/16550 driver, 4 ports, IRQ sharing enabled
[    1.157675] AMD IOMMUv2 driver by Joerg Roedel <jroedel@suse.de>
[    1.157676] AMD IOMMUv2 functionality not available on this system
[    1.158129] usbcore: registered new interface driver usbserial_generic
[    1.158133] usbserial: USB Serial support registered for generic
[    1.158152] rtc_cmos 00:01: RTC can wake from S4
[    1.158295] rtc_cmos 00:01: registered as rtc0
[    1.158309] rtc_cmos 00:01: alarms up to one month, 242 bytes nvram, hpet irqs
[    1.158358] intel_pstate: Intel P-state driver initializing
[    1.158545] ledtrig-cpu: registered to indicate activity on CPUs
[    1.159148] NET: Registered protocol family 10
[    1.173734] Segment Routing with IPv6
[    1.173788] NET: Registered protocol family 17
[    1.174574] mce: Using 7 MCE banks
[    1.174605] RAS: Correctable Errors collector initialized.
[    1.174694] microcode: sig=0x206a7, pf=0x10, revision=0x2f
[    1.174860] microcode: Microcode Update Driver: v2.2.
[    1.174892] sched_clock: Marking stable (1174544396, 297382)->(1645662540, -470820762)
[    1.175331] registered taskstats version 1
[    1.175347] Loading compiled-in X.509 certificates
[    1.181622] Loaded X.509 cert 'Build time autogenerated kernel key: 1e0a1fe4676b7fb1866c977c5d5c19c7daff1b41'
[    1.181656] zswap: loaded using pool lzo/zbud
[    1.186493] Key type big_key registered
[    1.186874]   Magic number: 12:301:921
[    1.186965] rtc_cmos 00:01: setting system clock to 2020-03-12 05:57:00 UTC (1583992620)
[    1.189050] Freeing unused decrypted memory: 2040K
[    1.189991] Freeing unused kernel image memory: 1616K
[    1.289549] Write protecting the kernel read-only data: 18432k
[    1.291110] Freeing unused kernel image memory: 2008K
[    1.291538] Freeing unused kernel image memory: 492K
[    1.315631] x86/mm: Checked W+X mappings: passed, no W+X pages found.
[    1.315633] x86/mm: Checking user space page tables
[    1.327723] x86/mm: Checked W+X mappings: passed, no W+X pages found.
[    1.327725] Run /init as init process
[    1.344843] fbcon: Taking over console
[    1.345114] Console: switching to colour frame buffer device 170x48
[    1.517263] i8042: PNP: PS/2 Controller [PNP0303:PS2K,PNP0f13:PS2M] at 0x60,0x64 irq 1,12
[    1.525271] ehci_hcd: USB 2.0 'Enhanced' Host Controller (EHCI) Driver
[    1.525492] serio: i8042 KBD port at 0x60,0x64 irq 1
[    1.525504] serio: i8042 AUX port at 0x60,0x64 irq 12
[    1.527614] ehci-pci: EHCI PCI platform driver
[    1.527828] ehci-pci 0000:00:1a.0: EHCI Host Controller
[    1.527837] ehci-pci 0000:00:1a.0: new USB bus registered, assigned bus number 1
[    1.527853] ehci-pci 0000:00:1a.0: debug port 2
[    1.531765] ehci-pci 0000:00:1a.0: cache line size of 64 is not supported
[    1.531787] ehci-pci 0000:00:1a.0: irq 16, io mem 0xc2619000
[    1.553271] SCSI subsystem initialized
[    1.559363] ehci-pci 0000:00:1a.0: USB 2.0 started, EHCI 1.00
[    1.559447] usb usb1: New USB device found, idVendor=1d6b, idProduct=0002, bcdDevice= 4.19
[    1.559449] usb usb1: New USB device strings: Mfr=3, Product=2, SerialNumber=1
[    1.559450] usb usb1: Product: EHCI Host Controller
[    1.559452] usb usb1: Manufacturer: Linux 4.19.107-1-MANJARO ehci_hcd
[    1.559453] usb usb1: SerialNumber: 0000:00:1a.0
[    1.559673] hub 1-0:1.0: USB hub found
[    1.559689] hub 1-0:1.0: 2 ports detected
[    1.559881] xhci_hcd 0000:00:14.0: xHCI Host Controller
[    1.559890] xhci_hcd 0000:00:14.0: new USB bus registered, assigned bus number 2
[    1.560963] xhci_hcd 0000:00:14.0: hcc params 0x20007181 hci version 0x100 quirks 0x000000000000b930
[    1.560968] xhci_hcd 0000:00:14.0: cache line size of 64 is not supported
[    1.561162] usb usb2: New USB device found, idVendor=1d6b, idProduct=0002, bcdDevice= 4.19
[    1.561165] usb usb2: New USB device strings: Mfr=3, Product=2, SerialNumber=1
[    1.561167] usb usb2: Product: xHCI Host Controller
[    1.561169] usb usb2: Manufacturer: Linux 4.19.107-1-MANJARO xhci-hcd
[    1.561171] usb usb2: SerialNumber: 0000:00:14.0
[    1.561335] hub 2-0:1.0: USB hub found
[    1.561353] hub 2-0:1.0: 4 ports detected
[    1.561746] ehci-pci 0000:00:1d.0: EHCI Host Controller
[    1.561752] ehci-pci 0000:00:1d.0: new USB bus registered, assigned bus number 3
[    1.561753] xhci_hcd 0000:00:14.0: xHCI Host Controller
[    1.561757] xhci_hcd 0000:00:14.0: new USB bus registered, assigned bus number 4
[    1.561760] xhci_hcd 0000:00:14.0: Host supports USB 3.0 SuperSpeed
[    1.561767] ehci-pci 0000:00:1d.0: debug port 2
[    1.561843] usb usb4: New USB device found, idVendor=1d6b, idProduct=0003, bcdDevice= 4.19
[    1.561844] usb usb4: New USB device strings: Mfr=3, Product=2, SerialNumber=1
[    1.561846] usb usb4: Product: xHCI Host Controller
[    1.561847] usb usb4: Manufacturer: Linux 4.19.107-1-MANJARO xhci-hcd
[    1.561849] usb usb4: SerialNumber: 0000:00:14.0
[    1.561977] hub 4-0:1.0: USB hub found
[    1.561994] hub 4-0:1.0: 4 ports detected
[    1.565668] ehci-pci 0000:00:1d.0: cache line size of 64 is not supported
[    1.565683] ehci-pci 0000:00:1d.0: irq 20, io mem 0xc2618000
[    1.569462] input: AT Translated Set 2 keyboard as /devices/platform/i8042/serio0/input/input3
[    1.570656] libata version 3.00 loaded.
[    1.575313] ahci 0000:00:1f.2: version 3.0
[    1.585636] ahci 0000:00:1f.2: AHCI 0001.0300 32 slots 6 ports 6 Gbps 0x11 impl SATA mode
[    1.585640] ahci 0000:00:1f.2: flags: 64bit ncq pm led clo pio slum part ems apst 
[    1.589462] ehci-pci 0000:00:1d.0: USB 2.0 started, EHCI 1.00
[    1.590073] usb usb3: New USB device found, idVendor=1d6b, idProduct=0002, bcdDevice= 4.19
[    1.590077] usb usb3: New USB device strings: Mfr=3, Product=2, SerialNumber=1
[    1.590079] usb usb3: Product: EHCI Host Controller
[    1.590081] usb usb3: Manufacturer: Linux 4.19.107-1-MANJARO ehci_hcd
[    1.590082] usb usb3: SerialNumber: 0000:00:1d.0
[    1.590433] hub 3-0:1.0: USB hub found
[    1.590463] hub 3-0:1.0: 2 ports detected
[    1.610455] scsi host0: ahci
[    1.610971] scsi host1: ahci
[    1.611420] scsi host2: ahci
[    1.611895] scsi host3: ahci
[    1.612347] scsi host4: ahci
[    1.612832] scsi host5: ahci
[    1.613014] ata1: SATA max UDMA/133 abar m2048@0xc2617000 port 0xc2617100 irq 26
[    1.613016] ata2: DUMMY
[    1.613018] ata3: DUMMY
[    1.613019] ata4: DUMMY
[    1.613022] ata5: SATA max UDMA/133 abar m2048@0xc2617000 port 0xc2617300 irq 26
[    1.613024] ata6: DUMMY
[    1.929449] usb 1-1: new high-speed USB device number 2 using ehci-pci
[    1.942138] ata1: SATA link up 3.0 Gbps (SStatus 123 SControl 300)
[    1.942179] ata5: SATA link up 1.5 Gbps (SStatus 113 SControl 300)
[    1.946235] ata5.00: ATAPI: hp       CDDVDW SN-208BB, HH03, max UDMA/100
[    1.948515] ata1.00: ATA-8: ST640LM000 HM641JI, 2AJ10003, max UDMA/133
[    1.948522] ata1.00: 1250263728 sectors, multi 0: LBA48 NCQ (depth 32), AA
[    1.952836] ata5.00: configured for UDMA/100
[    1.955114] ata1.00: configured for UDMA/133
[    1.959451] usb 3-1: new high-speed USB device number 2 using ehci-pci
[    1.965777] scsi 0:0:0:0: Direct-Access     ATA      ST640LM000 HM641 0003 PQ: 0 ANSI: 5
[    1.985931] scsi 4:0:0:0: CD-ROM            hp       CDDVDW SN-208BB  HH03 PQ: 0 ANSI: 5
[    2.069832] sd 0:0:0:0: [sda] 1250263728 512-byte logical blocks: (640 GB/596 GiB)
[    2.069843] sd 0:0:0:0: [sda] Write Protect is off
[    2.069845] sd 0:0:0:0: [sda] Mode Sense: 00 3a 00 00
[    2.069859] sd 0:0:0:0: [sda] Write cache: enabled, read cache: enabled, doesn't support DPO or FUA
[    2.115311]  sda: sda1 sda2 sda3
[    2.116394] sd 0:0:0:0: [sda] Attached SCSI disk
[    2.129940] usb 1-1: New USB device found, idVendor=8087, idProduct=0024, bcdDevice= 0.00
[    2.129947] usb 1-1: New USB device strings: Mfr=0, Product=0, SerialNumber=0
[    2.130421] hub 1-1:1.0: USB hub found
[    2.130485] hub 1-1:1.0: 6 ports detected
[    2.157929] sr 4:0:0:0: [sr0] scsi3-mmc drive: 24x/24x writer dvd-ram cd/rw xa/form2 cdda tray
[    2.157936] cdrom: Uniform CD-ROM driver Revision: 3.20
[    2.158698] sr 4:0:0:0: Attached scsi CD-ROM sr0
[    2.159797] usb 3-1: New USB device found, idVendor=8087, idProduct=0024, bcdDevice= 0.00
[    2.159803] usb 3-1: New USB device strings: Mfr=0, Product=0, SerialNumber=0
[    2.160424] hub 3-1:1.0: USB hub found
[    2.160504] hub 3-1:1.0: 6 ports detected
[    2.189419] tsc: Refined TSC clocksource calibration: 2294.786 MHz
[    2.189440] clocksource: tsc: mask: 0xffffffffffffffff max_cycles: 0x2113f7e44a7, max_idle_ns: 440795281465 ns
[    2.189507] clocksource: Switched to clocksource tsc
[    2.469465] usb 1-1.2: new high-speed USB device number 3 using ehci-pci
[    2.515009] random: lvm: uninitialized urandom read (4 bytes read)
[    2.635256] usb 1-1.2: New USB device found, idVendor=2717, idProduct=ff80, bcdDevice= 4.04
[    2.635263] usb 1-1.2: New USB device strings: Mfr=1, Product=2, SerialNumber=3
[    2.635267] usb 1-1.2: Product: SDM636-MTP _SN:DC2BF07B
[    2.635270] usb 1-1.2: Manufacturer: Xiaomi
[    2.635272] usb 1-1.2: SerialNumber: 4699b24f
[    2.729473] usb 1-1.3: new full-speed USB device number 4 using ehci-pci
[    2.794977] device-mapper: uevent: version 1.0.3
[    2.795139] device-mapper: ioctl: 4.39.0-ioctl (2018-04-03) initialised: dm-devel@redhat.com
[    2.796351] random: lvm: uninitialized urandom read (2 bytes read)
[    2.911073] usb 1-1.3: New USB device found, idVendor=148f, idProduct=2000, bcdDevice=68.17
[    2.911079] usb 1-1.3: New USB device strings: Mfr=0, Product=2, SerialNumber=0
[    2.911083] usb 1-1.3: Product: CSR BS8510
[    3.148153] PM: Image not found (code -22)
[    3.337549] EXT4-fs (sda1): mounted filesystem with ordered data mode. Opts: (null)
[    4.106421] random: fast init done
[    5.311994] systemd[1]: systemd 242.153-3-manjaro running in system mode. (+PAM +AUDIT -SELINUX -IMA -APPARMOR +SMACK -SYSVINIT +UTMP +LIBCRYPTSETUP +GCRYPT +GNUTLS +ACL +XZ +LZ4 +SECCOMP +BLKID +ELFUTILS +KMOD +IDN2 -IDN +PCRE2 default-hierarchy=hybrid)
[    5.339677] systemd[1]: Detected architecture x86-64.
[    5.393482] systemd[1]: Set hostname to <lnxdevops>.
[    9.652137] random: systemd: uninitialized urandom read (16 bytes read)
[    9.652303] systemd[1]: Set up automount Arbitrary Executable File Formats File System Automount Point.
[    9.653384] random: systemd: uninitialized urandom read (16 bytes read)
[    9.653444] systemd[1]: Listening on initctl Compatibility Named Pipe.
[    9.654153] random: systemd: uninitialized urandom read (16 bytes read)
[    9.654260] systemd[1]: Listening on udev Control Socket.
[    9.654853] systemd[1]: Reached target Remote File Systems.
[    9.655560] systemd[1]: Listening on Journal Socket.
[    9.657945] systemd[1]: Mounting POSIX Message Queue File System...
[    9.659012] systemd[1]: Created slice User and Session Slice.
[   10.133712] EXT4-fs (sda1): re-mounted. Opts: (null)
[   10.339413] systemd[1]: Starting Create Static Device Nodes in /dev...
[   10.362838] systemd[1]: Started LVM2 metadata daemon.
[   10.416188] systemd[1]: Started udev Coldplug all Devices.
[   10.446842] audit: type=1130 audit(1583992629.742:2): pid=1 uid=0 auid=4294967295 ses=4294967295 msg='unit=systemd-udev-trigger comm="systemd" exe="/usr/lib/systemd/systemd" hostname=? addr=? terminal=? res=success'
[   10.453710] systemd[1]: Started Load Kernel Modules.
[   10.475753] audit: type=1130 audit(1583992629.772:3): pid=1 uid=0 auid=4294967295 ses=4294967295 msg='unit=systemd-modules-load comm="systemd" exe="/usr/lib/systemd/systemd" hostname=? addr=? terminal=? res=success'
[   10.477445] systemd[1]: Mounting Kernel Configuration File System...
[   10.501960] systemd[1]: Starting Apply Kernel Variables...
[   10.523854] systemd[1]: Condition check resulted in FUSE Control File System being skipped.
[   10.524530] systemd[1]: Started Journal Service.
[   10.546731] audit: type=1130 audit(1583992629.842:4): pid=1 uid=0 auid=4294967295 ses=4294967295 msg='unit=systemd-journald comm="systemd" exe="/usr/lib/systemd/systemd" hostname=? addr=? terminal=? res=success'
[   10.570194] audit: type=1130 audit(1583992629.872:5): pid=1 uid=0 auid=4294967295 ses=4294967295 msg='unit=systemd-random-seed comm="systemd" exe="/usr/lib/systemd/systemd" hostname=? addr=? terminal=? res=success'
[   10.711105] systemd-journald[252]: Received request to flush runtime journal from PID 1
[   10.779634] audit: type=1130 audit(1583992630.082:6): pid=1 uid=0 auid=4294967295 ses=4294967295 msg='unit=systemd-sysctl comm="systemd" exe="/usr/lib/systemd/systemd" hostname=? addr=? terminal=? res=success'
[   11.507570] audit: type=1130 audit(1583992630.802:7): pid=1 uid=0 auid=4294967295 ses=4294967295 msg='unit=systemd-tmpfiles-setup-dev comm="systemd" exe="/usr/lib/systemd/systemd" hostname=? addr=? terminal=? res=success'
[   15.011450] ata1.00: exception Emask 0x0 SAct 0x1001000 SErr 0x40000 action 0x0
[   15.070164] ata1.00: irq_stat 0x40000008
[   15.094431] ata1: SError: { CommWake }
[   15.115911] ata1.00: failed command: READ FPDMA QUEUED
[   15.137506] ata1.00: cmd 60/08:60:00:f0:12/00:00:47:00:00/40 tag 12 ncq dma 4096 in
                        res 41/40:00:05:f0:12/00:00:47:00:00/40 Emask 0x409 (media error) <F>
[   15.181868] ata1.00: status: { DRDY ERR }
[   15.203936] ata1.00: error: { UNC }
[   15.225707] ata1: hard resetting link
[   15.552233] ata1: SATA link up 3.0 Gbps (SStatus 123 SControl 300)
[   15.565225] ata1.00: configured for UDMA/133
[   15.575575] sd 0:0:0:0: [sda] tag#12 FAILED Result: hostbyte=DID_OK driverbyte=DRIVER_SENSE
[   15.575585] sd 0:0:0:0: [sda] tag#12 Sense Key : Medium Error [current] 
[   15.575591] sd 0:0:0:0: [sda] tag#12 Add. Sense: Unrecovered read error - auto reallocate failed
[   15.575599] sd 0:0:0:0: [sda] tag#12 CDB: Read(10) 28 00 47 12 f0 00 00 00 08 00
[   15.575605] print_req_error: I/O error, dev sda, sector 1192423429
[   15.635267] ata1: EH complete
[   17.801435] ata1.00: exception Emask 0x0 SAct 0x2000100 SErr 0x40000 action 0x0
[   17.862461] ata1.00: irq_stat 0x40000008
[   17.884930] ata1: SError: { CommWake }
[   17.907101] ata1.00: failed command: READ FPDMA QUEUED
[   17.929270] ata1.00: cmd 60/08:40:00:f0:12/00:00:47:00:00/40 tag 8 ncq dma 4096 in
                        res 41/40:00:05:f0:12/00:00:47:00:00/40 Emask 0x409 (media error) <F>
[   17.974840] ata1.00: status: { DRDY ERR }
[   17.974841] ata1.00: error: { UNC }
[   17.974846] ata1: hard resetting link
[   18.302118] ata1: SATA link up 3.0 Gbps (SStatus 123 SControl 300)
[   18.314953] ata1.00: configured for UDMA/133
[   18.325295] sd 0:0:0:0: [sda] tag#8 FAILED Result: hostbyte=DID_OK driverbyte=DRIVER_SENSE
[   18.325306] sd 0:0:0:0: [sda] tag#8 Sense Key : Medium Error [current] 
[   18.325311] sd 0:0:0:0: [sda] tag#8 Add. Sense: Unrecovered read error - auto reallocate failed
[   18.325318] sd 0:0:0:0: [sda] tag#8 CDB: Read(10) 28 00 47 12 f0 00 00 00 08 00
[   18.325324] print_req_error: I/O error, dev sda, sector 1192423429
[   18.389916] ata1: EH complete
[   20.881679] ata1.00: exception Emask 0x0 SAct 0x80108 SErr 0x40000 action 0x0
[   20.946606] ata1.00: irq_stat 0x40000008
[   20.970317] ata1: SError: { CommWake }
[   20.993444] ata1.00: failed command: READ FPDMA QUEUED
[   20.993448] ata1.00: cmd 60/08:40:00:f0:12/00:00:47:00:00/40 tag 8 ncq dma 4096 in
                        res 41/40:00:05:f0:12/00:00:47:00:00/40 Emask 0x409 (media error) <F>
[   20.993449] ata1.00: status: { DRDY ERR }
[   20.993449] ata1.00: error: { UNC }
[   20.993455] ata1: hard resetting link
[   21.322068] ata1: SATA link up 3.0 Gbps (SStatus 123 SControl 300)
[   21.334957] ata1.00: configured for UDMA/133
[   21.345319] sd 0:0:0:0: [sda] tag#8 FAILED Result: hostbyte=DID_OK driverbyte=DRIVER_SENSE
[   21.345329] sd 0:0:0:0: [sda] tag#8 Sense Key : Medium Error [current] 
[   21.345335] sd 0:0:0:0: [sda] tag#8 Add. Sense: Unrecovered read error - auto reallocate failed
[   21.345342] sd 0:0:0:0: [sda] tag#8 CDB: Read(10) 28 00 47 12 f0 00 00 00 08 00
[   21.345348] print_req_error: I/O error, dev sda, sector 1192423429
[   21.409064] ata1: EH complete
[   21.478739] audit: type=1130 audit(1583992640.772:8): pid=1 uid=0 auid=4294967295 ses=4294967295 msg='unit=systemd-journal-flush comm="systemd" exe="/usr/lib/systemd/systemd" hostname=? addr=? terminal=? res=success'
[   22.239985] audit: type=1130 audit(1583992641.542:9): pid=1 uid=0 auid=4294967295 ses=4294967295 msg='unit=systemd-udevd comm="systemd" exe="/usr/lib/systemd/systemd" hostname=? addr=? terminal=? res=success'
[   22.602678] battery: ACPI: Battery Slot [BAT0] (battery present)
[   22.652211] RAPL PMU: API unit is 2^-32 Joules, 3 fixed counters, 163840 ms ovfl timer
[   22.652214] RAPL PMU: hw unit of domain pp0-core 2^-16 Joules
[   22.652215] RAPL PMU: hw unit of domain package 2^-16 Joules
[   22.652216] RAPL PMU: hw unit of domain pp1-gpu 2^-16 Joules
[   22.652494] ACPI: AC Adapter [ACAD] (on-line)
[   22.730209] wmi_bus wmi_bus-PNP0C14:00: WQBC data block query control method not found
[   22.733042] input: PC Speaker as /devices/platform/pcspkr/input/input5
[   22.829923] ACPI: watchdog: Skipping WDAT on this system because it uses RTC SRAM
[   22.830022] ACPI Warning: SystemIO range 0x0000000000000428-0x000000000000042F conflicts with OpRegion 0x0000000000000400-0x000000000000047F (\PMIO) (20180810/utaddress-204)
[   22.830029] ACPI: If an ACPI driver is available for this device, you should use it instead of the native driver
[   22.830033] ACPI Warning: SystemIO range 0x0000000000000540-0x000000000000054F conflicts with OpRegion 0x0000000000000500-0x0000000000000563 (\GPIO) (20180810/utaddress-204)
[   22.830038] ACPI Warning: SystemIO range 0x0000000000000540-0x000000000000054F conflicts with OpRegion 0x0000000000000500-0x000000000000055F (\_SB.PCI0.LPCB.GPIO) (20180810/utaddress-204)
[   22.830042] ACPI: If an ACPI driver is available for this device, you should use it instead of the native driver
[   22.830043] ACPI Warning: SystemIO range 0x0000000000000530-0x000000000000053F conflicts with OpRegion 0x0000000000000500-0x0000000000000563 (\GPIO) (20180810/utaddress-204)
[   22.830048] ACPI Warning: SystemIO range 0x0000000000000530-0x000000000000053F conflicts with OpRegion 0x0000000000000500-0x000000000000055F (\_SB.PCI0.LPCB.GPIO) (20180810/utaddress-204)
[   22.830052] ACPI: If an ACPI driver is available for this device, you should use it instead of the native driver
[   22.830053] ACPI Warning: SystemIO range 0x0000000000000500-0x000000000000052F conflicts with OpRegion 0x0000000000000500-0x0000000000000563 (\GPIO) (20180810/utaddress-204)
[   22.830057] ACPI Warning: SystemIO range 0x0000000000000500-0x000000000000052F conflicts with OpRegion 0x0000000000000500-0x000000000000055F (\_SB.PCI0.LPCB.GPIO) (20180810/utaddress-204)
[   22.830061] ACPI: If an ACPI driver is available for this device, you should use it instead of the native driver
[   22.830062] lpc_ich: Resource conflict(s) found affecting gpio_ich
[   22.886453] i801_smbus 0000:00:1f.3: SMBus using PCI interrupt
[   23.062746] cryptd: max_cpu_qlen set to 1000
[   23.084571] hp_accel: laptop model unknown, using default axes configuration
[   23.110310] lis3lv02d: 8 bits 3DC sensor found
[   23.189492] input: ST LIS3LV02DL Accelerometer as /devices/platform/lis3lv02d/input/input7
[   23.278517] iTCO_vendor_support: vendor-support=0
[   23.290580] iTCO_wdt: Intel TCO WatchDog Timer Driver v1.11
[   23.290641] iTCO_wdt: Found a Panther Point TCO device (Version=2, TCOBASE=0x0460)
[   23.290786] iTCO_wdt: initialized. heartbeat=30 sec (nowayout=0)
[   23.410481] random: crng init done
[   23.410483] random: 5 urandom warning(s) missed due to ratelimiting
[   23.529226] input: HP WMI hotkeys as /devices/virtual/input/input8
[   23.636039] psmouse serio1: synaptics: queried max coordinates: x [..5730], y [..4966]
[   23.667495] psmouse serio1: synaptics: queried min coordinates: x [1234..], y [934..]
[   23.728043] psmouse serio1: synaptics: Touchpad model: 1, fw: 7.5, id: 0x1e0b1, caps: 0xf00173/0x240000/0xa2400/0x0, board id: 2067, fw id: 1032759
[   23.766672] input: SynPS/2 Synaptics TouchPad as /devices/platform/i8042/serio1/input/input6
[   23.862275] mousedev: PS/2 mouse device common for all mice
[   23.865321] audit: type=1130 audit(1583992643.162:10): pid=1 uid=0 auid=4294967295 ses=4294967295 msg='unit=systemd-rfkill comm="systemd" exe="/usr/lib/systemd/systemd" hostname=? addr=? terminal=? res=success'
[   23.981831] r8169 0000:02:00.0: can't disable ASPM; OS doesn't have ASPM control
[   23.983942] libphy: r8169: probed
[   23.984167] r8169 0000:02:00.0 eth0: RTL8105e, a0:b3:cc:83:4d:6f, XID 40c00000, IRQ 28
[   24.150677] cfg80211: Loading compiled-in X.509 certificates for regulatory database
[   24.154207] cfg80211: Loaded X.509 cert 'sforshee: 00b28ddf47aef9cea7'
[   24.866775] Linux agpgart interface v0.103
[   24.976982] ieee80211 phy0: rt2x00_set_rt: Info - RT chipset 5390, rev 0502 detected
[   24.981242] ieee80211 phy0: rt2x00_set_rf: Info - RF chipset 5390 detected
[   25.025790] ieee80211 phy0: Selected rate control algorithm 'minstrel_ht'
[   25.056778] r8169 0000:02:00.0 eno1: renamed from eth0
[   25.110295] rt2800pci 0000:01:00.0 wlo1: renamed from wlan0
[   25.142319] VFIO - User Level meta-driver version: 0.3
[   25.538752] checking generic (b0000000 410000) vs hw (b0000000 10000000)
[   25.538754] fb: switching to inteldrmfb from VESA VGA
[   25.538782] Console: switching to colour dummy device 80x25
[   25.538870] [drm] Replacing VGA console driver
[   25.540018] [drm] Supports vblank timestamp caching Rev 2 (21.10.2013).
[   25.540019] [drm] Driver supports precise vblank timestamp query.
[   25.540391] intel_rapl: Found RAPL domain package
[   25.540393] intel_rapl: Found RAPL domain core
[   25.540395] intel_rapl: Found RAPL domain uncore
[   25.540400] intel_rapl: RAPL package 0 domain package locked by BIOS
[   25.540939] i915 0000:00:02.0: vgaarb: changed VGA decodes: olddecodes=io+mem,decodes=io+mem:owns=io+mem
[   25.638701] [drm] Initialized i915 1.6.0 20180719 for 0000:00:02.0 on minor 0
[   25.639618] ACPI: Video Device [GFX0] (multi-head: yes  rom: no  post: no)
[   25.639833] input: Video Bus as /devices/LNXSYSTM:00/LNXSYBUS:00/PNP0A08:00/LNXVIDEO:00/input/input9
[   25.652008] fbcon: inteldrmfb (fb0) is primary device
[   25.723300] Adding 8388604k swap on /dev/sda3.  Priority:-2 extents:1 across:8388604k FS
[   26.454030] Console: switching to colour frame buffer device 170x48
[   26.477402] i915 0000:00:02.0: fb0: inteldrmfb frame buffer device
[   26.477571] snd_hda_intel 0000:00:1b.0: bound 0000:00:02.0 (ops i915_audio_component_bind_ops [i915])
[   26.479072] audit: type=1130 audit(1583992645.772:11): pid=1 uid=0 auid=4294967295 ses=4294967295 msg='unit=lvm2-monitor comm="systemd" exe="/usr/lib/systemd/systemd" hostname=? addr=? terminal=? res=success'
[   26.773614] snd_hda_codec_idt hdaudioC0D0: autoconfig for 92HD87B2/4: line_outs=1 (0xd/0x0/0x0/0x0/0x0) type:speaker
[   26.773617] snd_hda_codec_idt hdaudioC0D0:    speaker_outs=0 (0x0/0x0/0x0/0x0/0x0)
[   26.773620] snd_hda_codec_idt hdaudioC0D0:    hp_outs=1 (0xb/0x0/0x0/0x0/0x0)
[   26.773622] snd_hda_codec_idt hdaudioC0D0:    mono: mono_out=0x0
[   26.773623] snd_hda_codec_idt hdaudioC0D0:    inputs:
[   26.773626] snd_hda_codec_idt hdaudioC0D0:      Internal Mic=0x11
[   26.773628] snd_hda_codec_idt hdaudioC0D0:      Mic=0xc
[   26.884519] input: HDA Digital PCBeep as /devices/pci0000:00/0000:00:1b.0/sound/card0/input10
[   26.885140] input: HDA Intel PCH Mic as /devices/pci0000:00/0000:00:1b.0/sound/card0/input11
[   26.885208] input: HDA Intel PCH Headphone as /devices/pci0000:00/0000:00:1b.0/sound/card0/input12
[   26.885272] input: HDA Intel PCH HDMI/DP,pcm=3 as /devices/pci0000:00/0000:00:1b.0/sound/card0/input13
[   27.053308] loop: module loaded
[   27.233513] squashfs: version 4.0 (2009/01/31) Phillip Lougher
[   28.921235] audit: type=1130 audit(1583992648.222:12): pid=1 uid=0 auid=4294967295 ses=4294967295 msg='unit=systemd-backlight@backlight:intel_backlight comm="systemd" exe="/usr/lib/systemd/systemd" hostname=? addr=? terminal=? res=success'
[   28.921847] audit: type=1130 audit(1583992648.222:13): pid=1 uid=0 auid=4294967295 ses=4294967295 msg='unit=lvm2-pvscan@8:2 comm="systemd" exe="/usr/lib/systemd/systemd" hostname=? addr=? terminal=? res=success'
[   29.883396] EXT4-fs (dm-0): mounted filesystem with ordered data mode. Opts: (null)
[   30.187426] audit: type=1131 audit(1583992649.482:14): pid=1 uid=0 auid=4294967295 ses=4294967295 msg='unit=systemd-rfkill comm="systemd" exe="/usr/lib/systemd/systemd" hostname=? addr=? terminal=? res=success'
[   30.210136] audit: type=1130 audit(1583992649.512:15): pid=1 uid=0 auid=4294967295 ses=4294967295 msg='unit=systemd-tmpfiles-setup comm="systemd" exe="/usr/lib/systemd/systemd" hostname=? addr=? terminal=? res=success'
[   30.232296] audit: type=1127 audit(1583992649.532:16): pid=615 uid=0 auid=4294967295 ses=4294967295 msg=' comm="systemd-update-utmp" exe="/usr/lib/systemd/systemd-update-utmp" hostname=? addr=? terminal=? res=success'
[   30.319026] audit: type=1130 audit(1583992649.612:17): pid=1 uid=0 auid=4294967295 ses=4294967295 msg='unit=systemd-update-utmp comm="systemd" exe="/usr/lib/systemd/systemd" hostname=? addr=? terminal=? res=success'
[   31.127113] audit: type=1130 audit(1583992650.422:18): pid=1 uid=0 auid=4294967295 ses=4294967295 msg='unit=systemd-timesyncd comm="systemd" exe="/usr/lib/systemd/systemd" hostname=? addr=? terminal=? res=success'
[   31.228231] audit: type=1130 audit(1583992650.522:19): pid=1 uid=0 auid=4294967295 ses=4294967295 msg='unit=dbus comm="systemd" exe="/usr/lib/systemd/systemd" hostname=? addr=? terminal=? res=success'
[   31.241630] audit: type=1130 audit(1583992650.542:20): pid=1 uid=0 auid=4294967295 ses=4294967295 msg='unit=cronie comm="systemd" exe="/usr/lib/systemd/systemd" hostname=? addr=? terminal=? res=success'
[   31.302067] audit: type=1130 audit(1583992650.602:21): pid=1 uid=0 auid=4294967295 ses=4294967295 msg='unit=preload comm="systemd" exe="/usr/lib/systemd/systemd" hostname=? addr=? terminal=? res=success'
[   31.921882] usbcore: registered new interface driver cdc_ether
[   32.170997] rndis_host 1-1.2:1.0: rndis media connect
[   32.211380] rndis_host 1-1.2:1.0 usb0: register 'rndis_host' at usb-0000:00:1a.0-1.2, RNDIS device, 3e:cc:4b:a9:65:b1
[   32.211434] usbcore: registered new interface driver rndis_host
[   32.215624] rndis_host 1-1.2:1.0 enp0s26u1u2: renamed from usb0
[   32.394972] Bluetooth: Core ver 2.22
[   32.394993] NET: Registered protocol family 31
[   32.394994] Bluetooth: HCI device and connection manager initialized
[   32.394998] Bluetooth: HCI socket layer initialized
[   32.395000] Bluetooth: L2CAP socket layer initialized
[   32.395005] Bluetooth: SCO socket layer initialized
[   32.890757] usbcore: registered new interface driver btusb
[   32.891611] Bluetooth: hci0: unexpected event for opcode 0x0000
[   34.596005] vboxdrv: loading out-of-tree module taints kernel.
[   34.596208] vboxdrv: module verification failed: signature and/or required key missing - tainting kernel
[   34.608319] vboxdrv: Found 4 processor cores
[   34.629788] vboxdrv: TSC mode is Invariant, tentative frequency 2294787075 Hz
[   34.629790] vboxdrv: Successfully loaded version 6.0.8 (interface 0x00290008)
[   34.903315] VBoxNetFlt: Successfully started.
[   34.916546] VBoxNetAdp: Successfully started.
[   34.977088] VBoxPciLinuxInit
[   34.977095] vboxpci: IOMMU not found (not registered)
[   38.077649] kauditd_printk_skb: 1 callbacks suppressed
[   38.077652] audit: type=1130 audit(1583992657.372:23): pid=1 uid=0 auid=4294967295 ses=4294967295 msg='unit=systemd-logind comm="systemd" exe="/usr/lib/systemd/systemd" hostname=? addr=? terminal=? res=success'
[   38.079761] audit: type=1130 audit(1583992657.382:24): pid=1 uid=0 auid=4294967295 ses=4294967295 msg='unit=vboxdrv comm="systemd" exe="/usr/lib/systemd/systemd" hostname=? addr=? terminal=? res=success'
[   38.081724] audit: type=1130 audit(1583992657.382:25): pid=1 uid=0 auid=4294967295 ses=4294967295 msg='unit=linux-module-cleanup comm="systemd" exe="/usr/lib/systemd/systemd" hostname=? addr=? terminal=? res=success'
[   38.081728] audit: type=1131 audit(1583992657.382:26): pid=1 uid=0 auid=4294967295 ses=4294967295 msg='unit=linux-module-cleanup comm="systemd" exe="/usr/lib/systemd/systemd" hostname=? addr=? terminal=? res=success'
[   38.083510] audit: type=1130 audit(1583992657.382:27): pid=1 uid=0 auid=4294967295 ses=4294967295 msg='unit=cpupower comm="systemd" exe="/usr/lib/systemd/systemd" hostname=? addr=? terminal=? res=success'
[   38.126520] audit: type=1130 audit(1583992657.422:28): pid=1 uid=0 auid=4294967295 ses=4294967295 msg='unit=NetworkManager comm="systemd" exe="/usr/lib/systemd/systemd" hostname=? addr=? terminal=? res=success'
[   38.129501] audit: type=1130 audit(1583992657.432:29): pid=1 uid=0 auid=4294967295 ses=4294967295 msg='unit=add-autologin-group comm="systemd" exe="/usr/lib/systemd/systemd" hostname=? addr=? terminal=? res=success'
[   38.129506] audit: type=1131 audit(1583992657.432:30): pid=1 uid=0 auid=4294967295 ses=4294967295 msg='unit=add-autologin-group comm="systemd" exe="/usr/lib/systemd/systemd" hostname=? addr=? terminal=? res=success'
[   38.137230] audit: type=1130 audit(1583992657.432:31): pid=1 uid=0 auid=4294967295 ses=4294967295 msg='unit=vmware comm="systemd" exe="/usr/lib/systemd/systemd" hostname=? addr=? terminal=? res=success'
[   38.140985] audit: type=1130 audit(1583992657.442:32): pid=1 uid=0 auid=4294967295 ses=4294967295 msg='unit=vmware-workstation-server comm="systemd" exe="/usr/lib/systemd/systemd" hostname=? addr=? terminal=? res=success'
[   40.001455] /dev/vmmon[856]: Module vmmon: registered with major=10 minor=165
[   40.001458] /dev/vmmon[856]: Using tsc_khz as TSC frequency: 2294786
[   40.001460] /dev/vmmon[856]: Module vmmon: initialized
[   40.385373] Guest personality initialized and is inactive
[   40.385434] VMCI host device registered (name=vmci, major=10, minor=53)
[   40.385435] Initialized host personality
[   41.035485] NET: Registered protocol family 40
[   41.170900] fuse init (API version 7.27)
[   42.385538] ppdev: user-space parallel port driver
[   43.153734] kauditd_printk_skb: 9 callbacks suppressed
[   43.153736] audit: type=1130 audit(1583992662.452:42): pid=1 uid=0 auid=4294967295 ses=4294967295 msg='unit=NetworkManager-dispatcher comm="systemd" exe="/usr/lib/systemd/systemd" hostname=? addr=? terminal=? res=success'
[   43.247535] audit: type=1131 audit(1583992662.542:43): pid=1 uid=0 auid=4294967295 ses=4294967295 msg='unit=systemd-rfkill comm="systemd" exe="/usr/lib/systemd/systemd" hostname=? addr=? terminal=? res=success'
[   44.273749] IPv6: ADDRCONF(NETDEV_UP): eno1: link is not ready
[   44.369178] Generic PHY r8169-200:00: attached PHY driver [Generic PHY] (mii_bus:phy_addr=r8169-200:00, irq=IGNORE)
[   44.691356] IPv6: ADDRCONF(NETDEV_UP): eno1: link is not ready
[   44.745076] IPv6: ADDRCONF(NETDEV_UP): enp0s26u1u2: link is not ready
[   44.958972] IPv6: ADDRCONF(NETDEV_UP): wlo1: link is not ready
[   44.959017] ieee80211 phy0: rt2x00lib_request_firmware: Info - Loading firmware file 'rt2860.bin'
[   44.985968] ieee80211 phy0: rt2x00lib_request_firmware: Info - Firmware detected - version: 0.40
[   45.200030] IPv6: ADDRCONF(NETDEV_UP): wlo1: link is not ready
[   45.362049] IPv6: ADDRCONF(NETDEV_UP): wlo1: link is not ready
[   46.037735] audit: type=1130 audit(1583992665.332:44): pid=1 uid=0 auid=4294967295 ses=4294967295 msg='unit=snapd comm="systemd" exe="/usr/lib/systemd/systemd" hostname=? addr=? terminal=? res=success'
[   46.711543] userif-4: sent link down event.
[   46.711546] userif-4: sent link up event.
[   47.155207] userif-6: sent link down event.
[   47.155211] userif-6: sent link up event.
[   47.439684] userif-6: sent link down event.
[   47.439688] userif-6: sent link up event.
[   47.439720] userif-4: sent link down event.
[   47.439722] userif-4: sent link up event.
[   47.607877] userif-8: sent link down event.
[   47.607879] userif-8: sent link up event.
[   47.690067] audit: type=1130 audit(1583992666.992:45): pid=1 uid=0 auid=4294967295 ses=4294967295 msg='unit=wpa_supplicant comm="systemd" exe="/usr/lib/systemd/systemd" hostname=? addr=? terminal=? res=success'
[   47.821531] userif-8: sent link down event.
[   47.821534] userif-8: sent link up event.
[   47.821632] userif-6: sent link down event.
[   47.821634] userif-6: sent link up event.
[   47.822061] userif-4: sent link down event.
[   47.822066] userif-4: sent link up event.
[   48.518233] IPv6: ADDRCONF(NETDEV_UP): wlo1: link is not ready
[   49.952748] IPv6: ADDRCONF(NETDEV_UP): wlo1: link is not ready
[   51.349957] wlo1: authenticate with 9c:97:26:64:d5:65
[   51.358418] wlo1: send auth to 9c:97:26:64:d5:65 (try 1/3)
[   51.359883] wlo1: authenticated
[   51.369381] wlo1: associate with 9c:97:26:64:d5:65 (try 1/3)
[   51.378127] wlo1: RX AssocResp from 9c:97:26:64:d5:65 (capab=0x411 status=0 aid=5)
[   51.378212] wlo1: associated
[   51.465412] IPv6: ADDRCONF(NETDEV_CHANGE): wlo1: link becomes ready
[   51.665489] userif-8: sent link down event.
[   51.665493] userif-8: sent link up event.
[   51.665532] userif-6: sent link down event.
[   51.665534] userif-6: sent link up event.
[   51.665965] userif-4: sent link down event.
[   51.665972] userif-4: sent link up event.
[   53.072319] audit: type=1131 audit(1583992672.372:46): pid=1 uid=0 auid=4294967295 ses=4294967295 msg='unit=NetworkManager-dispatcher comm="systemd" exe="/usr/lib/systemd/systemd" hostname=? addr=? terminal=? res=success'
[   54.831553] audit: type=1130 audit(1583992674.132:47): pid=1 uid=0 auid=4294967295 ses=4294967295 msg='unit=polkit comm="systemd" exe="/usr/lib/systemd/systemd" hostname=? addr=? terminal=? res=success'
[   54.833941] audit: type=1130 audit(1583992674.132:48): pid=1 uid=0 auid=4294967295 ses=4294967295 msg='unit=accounts-daemon comm="systemd" exe="/usr/lib/systemd/systemd" hostname=? addr=? terminal=? res=success'
[   63.951689] audit: type=1130 audit(1583992683.252:49): pid=1 uid=0 auid=4294967295 ses=4294967295 msg='unit=NetworkManager-dispatcher comm="systemd" exe="/usr/lib/systemd/systemd" hostname=? addr=? terminal=? res=success'
[   64.137671] userif-4: sent link down event.
[   64.137677] userif-4: sent link up event.
[   64.137706] userif-6: sent link down event.
[   64.137708] userif-6: sent link up event.
[   64.139437] userif-8: sent link down event.
[   64.139447] userif-8: sent link up event.
[   65.232659] audit: type=1130 audit(1583992684.532:50): pid=1 uid=0 auid=4294967295 ses=4294967295 msg='unit=NetworkManager-wait-online comm="systemd" exe="/usr/lib/systemd/systemd" hostname=? addr=? terminal=? res=success'
[   69.590615] audit: type=1131 audit(1583992688.892:51): pid=1 uid=0 auid=4294967295 ses=4294967295 msg='unit=systemd-hostnamed comm="systemd" exe="/usr/lib/systemd/systemd" hostname=? addr=? terminal=? res=success'
[   71.094324] audit: type=1103 audit(1583992690.337:52): pid=3397 uid=0 auid=4294967295 ses=4294967295 msg='op=PAM:setcred grantors=pam_env,pam_permit acct="lightdm" exe="/usr/bin/lightdm" hostname=? addr=? terminal=:0 res=success'
[   71.233758] userif-8: sent link down event.
[   71.233762] userif-6: sent link down event.
[   71.233764] userif-8: sent link up event.
[   71.233765] userif-6: sent link up event.
[   71.233773] userif-4: sent link down event.
[   71.233776] userif-4: sent link up event.
[   71.399371] audit: type=1130 audit(1583992690.625:53): pid=1 uid=0 auid=4294967295 ses=4294967295 msg='unit=user-runtime-dir@620 comm="systemd" exe="/usr/lib/systemd/systemd" hostname=? addr=? terminal=? res=success'
[   72.064058] audit: type=1101 audit(1583992691.268:54): pid=3402 uid=0 auid=4294967295 ses=4294967295 msg='op=PAM:accounting grantors=pam_tally2,pam_access,pam_unix,pam_permit,pam_time acct="lightdm" exe="/usr/lib/systemd/systemd" hostname=? addr=? terminal=? res=success'
[   72.064177] audit: type=1006 audit(1583992691.268:55): pid=3402 uid=0 old-auid=4294967295 auid=620 tty=(none) old-ses=4294967295 ses=1 res=1
[   72.149065] audit: type=1105 audit(1583992691.345:56): pid=3402 uid=0 auid=620 ses=1 msg='op=PAM:session_open grantors=pam_loginuid,pam_loginuid,pam_keyinit,pam_limits,pam_unix,pam_permit,pam_mail,pam_systemd,pam_env acct="lightdm" exe="/usr/lib/systemd/systemd" hostname=? addr=? terminal=? res=success'
[   74.179678] audit: type=1131 audit(1583992693.308:57): pid=1 uid=0 auid=4294967295 ses=4294967295 msg='unit=NetworkManager-dispatcher comm="systemd" exe="/usr/lib/systemd/systemd" hostname=? addr=? terminal=? res=success'
[   74.612178] audit: type=1130 audit(1583992693.726:58): pid=1 uid=0 auid=4294967295 ses=4294967295 msg='unit=user@620 comm="systemd" exe="/usr/lib/systemd/systemd" hostname=? addr=? terminal=? res=success'
[   74.618518] audit: type=1105 audit(1583992693.736:59): pid=3397 uid=0 auid=4294967295 ses=4294967295 msg='op=PAM:session_open grantors=pam_unix,pam_systemd acct="lightdm" exe="/usr/bin/lightdm" hostname=? addr=? terminal=:0 res=success'
[   76.307393] audit: type=1131 audit(1583992695.384:60): pid=1 uid=0 auid=4294967295 ses=4294967295 msg='unit=vmware-workstation-server comm="systemd" exe="/usr/lib/systemd/systemd" hostname=? addr=? terminal=? res=success'
[   84.506868] aufs 4.19.17+-20190902
[   86.551922] userif-8: sent link down event.
[   86.551926] userif-8: sent link up event.
[   86.551937] userif-6: sent link down event.
[   86.551939] userif-6: sent link up event.
[   86.551956] userif-4: sent link down event.
[   86.551958] userif-4: sent link up event.
[   94.923838] bridge: filtering via arp/ip/ip6tables is no longer available by default. Update your scripts to load br_netfilter if you need this.
[   94.927134] Bridge firewalling registered
[   95.039180] audit: type=1325 audit(1583992713.952:61): table=nat family=2 entries=0
[   95.039407] audit: type=1300 audit(1583992713.952:61): arch=c000003e syscall=175 success=yes exit=0 a0=55b3136f5d10 a1=21f9 a2=55b312b8a358 a3=55b312e7d010 items=0 ppid=186 pid=5748 auid=4294967295 uid=0 gid=0 euid=0 suid=0 fsuid=0 egid=0 sgid=0 fsgid=0 tty=(none) ses=4294967295 comm="modprobe" exe="/usr/bin/kmod" key=(null)
[   95.039411] audit: type=1327 audit(1583992713.952:61): proctitle=2F7362696E2F6D6F6470726F6265002D71002D2D0069707461626C655F6E6174
[   95.055758] audit: type=1325 audit(1583992713.972:62): table=filter family=2 entries=0
[   95.055825] audit: type=1300 audit(1583992713.972:62): arch=c000003e syscall=175 success=yes exit=0 a0=55898fad4a00 a1=2311 a2=55898e392358 a3=55898fad0010 items=0 ppid=186 pid=5752 auid=4294967295 uid=0 gid=0 euid=0 suid=0 fsuid=0 egid=0 sgid=0 fsgid=0 tty=(none) ses=4294967295 comm="modprobe" exe="/usr/bin/kmod" key=(null)
[   95.055828] audit: type=1327 audit(1583992713.972:62): proctitle=2F7362696E2F6D6F6470726F6265002D71002D2D0069707461626C655F66696C746572
[   95.138817] audit: type=1325 audit(1583992714.052:63): table=nat family=2 entries=5
[   95.138827] audit: type=1300 audit(1583992714.052:63): arch=c000003e syscall=54 success=yes exit=0 a0=4 a1=0 a2=40 a3=556e07432a60 items=0 ppid=3167 pid=5772 auid=4294967295 uid=0 gid=0 euid=0 suid=0 fsuid=0 egid=0 sgid=0 fsgid=0 tty=(none) ses=4294967295 comm="iptables" exe="/usr/bin/xtables-legacy-multi" key=(null)
[   95.138833] audit: type=1327 audit(1583992714.052:63): proctitle=2F7573722F62696E2F69707461626C6573002D2D77616974002D74006E6174002D4E00444F434B4552
[   95.140821] audit: type=1325 audit(1583992714.062:64): table=filter family=2 entries=4
[   95.255424] Initializing XFRM netlink socket
[   95.355610] IPv6: ADDRCONF(NETDEV_UP): br-38875cb91148: link is not ready
[   95.399847] IPv6: ADDRCONF(NETDEV_UP): docker0: link is not ready
[   95.430979] IPv6: ADDRCONF(NETDEV_UP): br-bcf19711ef78: link is not ready
[   95.493838] userif-6: sent link down event.
[   95.493841] userif-6: sent link up event.
[   95.493878] userif-4: sent link down event.
[   95.493882] userif-4: sent link up event.
[   95.493928] userif-8: sent link down event.
[   95.493929] userif-8: sent link up event.
[   96.521851] userif-6: sent link down event.
[   96.521854] userif-6: sent link up event.
[   96.521995] userif-8: sent link down event.
[   96.521998] userif-8: sent link up event.
[   96.522238] userif-4: sent link down event.
[   96.522240] userif-4: sent link up event.
[  105.397490] kauditd_printk_skb: 176 callbacks suppressed
[  105.397492] audit: type=1131 audit(1583992724.317:125): pid=1 uid=0 auid=4294967295 ses=4294967295 msg='unit=NetworkManager-dispatcher comm="systemd" exe="/usr/lib/systemd/systemd" hostname=? addr=? terminal=? res=success'
[  127.343826] userif-6: sent link down event.
[  127.343836] userif-6: sent link up event.
[  127.343872] userif-8: sent link down event.
[  127.343891] userif-8: sent link up event.
[  127.343912] userif-4: sent link down event.
[  127.343915] userif-4: sent link up event.
[  128.663645] wlo1: authenticate with 9c:97:26:64:d5:65
[  128.671853] wlo1: send auth to 9c:97:26:64:d5:65 (try 1/3)
[  128.714012] wlo1: send auth to 9c:97:26:64:d5:65 (try 2/3)
[  128.752802] wlo1: send auth to 9c:97:26:64:d5:65 (try 3/3)
[  128.775563] wlo1: authentication with 9c:97:26:64:d5:65 timed out
[  128.888127] audit: type=1100 audit(1583992747.819:126): pid=5719 uid=0 auid=4294967295 ses=4294967295 msg='op=PAM:authentication grantors=pam_tally2,pam_shells,pam_unix,pam_permit acct="jmsantiago" exe="/usr/bin/lightdm" hostname=? addr=? terminal=:0 res=success'
[  128.942338] audit: type=1101 audit(1583992747.869:127): pid=5719 uid=0 auid=4294967295 ses=4294967295 msg='op=PAM:accounting grantors=pam_tally2,pam_access,pam_unix,pam_permit,pam_time acct="jmsantiago" exe="/usr/bin/lightdm" hostname=? addr=? terminal=:0 res=success'
[  128.999090] audit: type=1106 audit(1583992747.929:128): pid=3397 uid=0 auid=4294967295 ses=4294967295 msg='op=PAM:session_close grantors=pam_unix,pam_systemd acct="lightdm" exe="/usr/bin/lightdm" hostname=? addr=? terminal=:0 res=success'
[  128.999309] audit: type=1104 audit(1583992747.929:129): pid=3397 uid=0 auid=4294967295 ses=4294967295 msg='op=PAM:setcred grantors=pam_env,pam_permit acct="lightdm" exe="/usr/bin/lightdm" hostname=? addr=? terminal=:0 res=success'
[  129.032113] audit: type=1103 audit(1583992747.959:130): pid=5719 uid=0 auid=4294967295 ses=4294967295 msg='op=PAM:setcred grantors=pam_tally2,pam_shells,pam_unix,pam_permit acct="jmsantiago" exe="/usr/bin/lightdm" hostname=? addr=? terminal=:0 res=success'
[  129.032200] audit: type=1006 audit(1583992747.959:131): pid=5719 uid=0 old-auid=4294967295 auid=1000 tty=(none) old-ses=4294967295 ses=2 res=1
[  129.055974] audit: type=1130 audit(1583992747.989:132): pid=1 uid=0 auid=4294967295 ses=4294967295 msg='unit=user-runtime-dir@1000 comm="systemd" exe="/usr/lib/systemd/systemd" hostname=? addr=? terminal=? res=success'
[  129.063900] audit: type=1101 audit(1583992747.999:133): pid=8340 uid=0 auid=4294967295 ses=4294967295 msg='op=PAM:accounting grantors=pam_tally2,pam_access,pam_unix,pam_permit,pam_time acct="jmsantiago" exe="/usr/lib/systemd/systemd" hostname=? addr=? terminal=? res=success'
[  129.064010] audit: type=1006 audit(1583992747.999:134): pid=8340 uid=0 old-auid=4294967295 auid=1000 tty=(none) old-ses=4294967295 ses=3 res=1
[  129.067206] audit: type=1105 audit(1583992747.999:135): pid=8340 uid=0 auid=1000 ses=3 msg='op=PAM:session_open grantors=pam_loginuid,pam_loginuid,pam_keyinit,pam_limits,pam_unix,pam_permit,pam_mail,pam_systemd,pam_env acct="jmsantiago" exe="/usr/lib/systemd/systemd" hostname=? addr=? terminal=? res=success'
[  134.881922] CPU0: Core temperature above threshold, cpu clock throttled (total events = 1)
[  134.881925] CPU2: Package temperature above threshold, cpu clock throttled (total events = 1)
[  134.881926] CPU1: Core temperature above threshold, cpu clock throttled (total events = 1)
[  134.881928] CPU3: Package temperature above threshold, cpu clock throttled (total events = 1)
[  134.881929] CPU1: Package temperature above threshold, cpu clock throttled (total events = 1)
[  134.881931] CPU0: Package temperature above threshold, cpu clock throttled (total events = 1)
[  134.882925] CPU1: Core temperature/speed normal
[  134.882926] CPU0: Core temperature/speed normal
[  134.882928] CPU3: Package temperature/speed normal
[  134.882929] CPU2: Package temperature/speed normal
[  134.882930] CPU0: Package temperature/speed normal
[  134.882932] CPU1: Package temperature/speed normal
[  139.366225] kauditd_printk_skb: 7 callbacks suppressed
[  139.366228] audit: type=1131 audit(1583992758.301:143): pid=1 uid=0 auid=4294967295 ses=4294967295 msg='unit=user@620 comm="systemd" exe="/usr/lib/systemd/systemd" hostname=? addr=? terminal=? res=success'
[  139.434922] audit: type=1131 audit(1583992758.371:144): pid=1 uid=0 auid=4294967295 ses=4294967295 msg='unit=user-runtime-dir@620 comm="systemd" exe="/usr/lib/systemd/systemd" hostname=? addr=? terminal=? res=success'
[  142.378286] IPv6: ADDRCONF(NETDEV_UP): wlo1: link is not ready
[  142.387672] audit: type=1130 audit(1583992761.322:145): pid=1 uid=0 auid=4294967295 ses=4294967295 msg='unit=NetworkManager-dispatcher comm="systemd" exe="/usr/lib/systemd/systemd" hostname=? addr=? terminal=? res=success'
[  142.583942] IPv6: ADDRCONF(NETDEV_UP): wlo1: link is not ready
[  142.620893] userif-4: sent link down event.
[  142.620896] userif-4: sent link up event.
[  142.621090] userif-8: sent link down event.
[  142.621100] userif-8: sent link up event.
[  142.621417] userif-6: sent link down event.
[  142.621419] userif-6: sent link up event.
[  152.381013] audit: type=1131 audit(1583992771.313:146): pid=1 uid=0 auid=4294967295 ses=4294967295 msg='unit=NetworkManager-dispatcher comm="systemd" exe="/usr/lib/systemd/systemd" hostname=? addr=? terminal=? res=success'
[  166.768750] atkbd serio0: Unknown key pressed (translated set 2, code 0xab on isa0060/serio0).
[  166.768757] atkbd serio0: Use 'setkeycodes e02b <keycode>' to make it known.
[  166.801810] atkbd serio0: Unknown key released (translated set 2, code 0xab on isa0060/serio0).
[  166.801814] atkbd serio0: Use 'setkeycodes e02b <keycode>' to make it known.
[  166.913879] atkbd serio0: Unknown key pressed (translated set 2, code 0xab on isa0060/serio0).
[  166.913883] atkbd serio0: Use 'setkeycodes e02b <keycode>' to make it known.
[  167.008321] atkbd serio0: Unknown key released (translated set 2, code 0xab on isa0060/serio0).
[  167.008323] atkbd serio0: Use 'setkeycodes e02b <keycode>' to make it known.
[  167.091137] atkbd serio0: Unknown key pressed (translated set 2, code 0xab on isa0060/serio0).
[  167.091139] atkbd serio0: Use 'setkeycodes e02b <keycode>' to make it known.
[  167.196126] atkbd serio0: Unknown key released (translated set 2, code 0xab on isa0060/serio0).
[  167.196129] atkbd serio0: Use 'setkeycodes e02b <keycode>' to make it known.
[  167.272135] atkbd serio0: Unknown key pressed (translated set 2, code 0xab on isa0060/serio0).
[  167.272142] atkbd serio0: Use 'setkeycodes e02b <keycode>' to make it known.
[  167.386040] atkbd serio0: Unknown key released (translated set 2, code 0xab on isa0060/serio0).
[  167.386043] atkbd serio0: Use 'setkeycodes e02b <keycode>' to make it known.
[  167.478368] atkbd serio0: Unknown key pressed (translated set 2, code 0xab on isa0060/serio0).
[  167.478374] atkbd serio0: Use 'setkeycodes e02b <keycode>' to make it known.
[  167.572817] atkbd serio0: Unknown key released (translated set 2, code 0xab on isa0060/serio0).
[  167.572820] atkbd serio0: Use 'setkeycodes e02b <keycode>' to make it known.
[  167.661886] atkbd serio0: Unknown key pressed (translated set 2, code 0xab on isa0060/serio0).
[  167.661892] atkbd serio0: Use 'setkeycodes e02b <keycode>' to make it known.
[  167.780123] atkbd serio0: Unknown key released (translated set 2, code 0xab on isa0060/serio0).
[  167.780125] atkbd serio0: Use 'setkeycodes e02b <keycode>' to make it known.
[  168.434143] atkbd serio0: Unknown key pressed (translated set 2, code 0xab on isa0060/serio0).
[  168.434150] atkbd serio0: Use 'setkeycodes e02b <keycode>' to make it known.
[  168.538129] atkbd serio0: Unknown key released (translated set 2, code 0xab on isa0060/serio0).
[  168.538132] atkbd serio0: Use 'setkeycodes e02b <keycode>' to make it known.
[  170.196584] audit: type=1130 audit(1583992789.099:147): pid=1 uid=0 auid=4294967295 ses=4294967295 msg='unit=systemd-rfkill comm="systemd" exe="/usr/lib/systemd/systemd" hostname=? addr=? terminal=? res=success'
[  170.259624] usb 1-1.3: USB disconnect, device number 4
[  177.711717] audit: type=1131 audit(1583992796.563:148): pid=1 uid=0 auid=4294967295 ses=4294967295 msg='unit=systemd-rfkill comm="systemd" exe="/usr/lib/systemd/systemd" hostname=? addr=? terminal=? res=success'
[  191.122701] audit: type=1130 audit(1583992809.926:149): pid=1 uid=0 auid=4294967295 ses=4294967295 msg='unit=shadow comm="systemd" exe="/usr/lib/systemd/systemd" hostname=? addr=? terminal=? res=success'
[  191.314300] audit: type=1131 audit(1583992810.116:150): pid=1 uid=0 auid=4294967295 ses=4294967295 msg='unit=shadow comm="systemd" exe="/usr/lib/systemd/systemd" hostname=? addr=? terminal=? res=success'
[  192.479822] audit: type=1130 audit(1583992811.283:151): pid=1 uid=0 auid=4294967295 ses=4294967295 msg='unit=logrotate comm="systemd" exe="/usr/lib/systemd/systemd" hostname=? addr=? terminal=? res=success'
[  192.479833] audit: type=1131 audit(1583992811.283:152): pid=1 uid=0 auid=4294967295 ses=4294967295 msg='unit=logrotate comm="systemd" exe="/usr/lib/systemd/systemd" hostname=? addr=? terminal=? res=success'
[  257.271221] audit: type=1130 audit(1583992876.015:153): pid=1 uid=0 auid=4294967295 ses=4294967295 msg='unit=man-db comm="systemd" exe="/usr/lib/systemd/systemd" hostname=? addr=? terminal=? res=success'
[  257.271233] audit: type=1131 audit(1583992876.015:154): pid=1 uid=0 auid=4294967295 ses=4294967295 msg='unit=man-db comm="systemd" exe="/usr/lib/systemd/systemd" hostname=? addr=? terminal=? res=success'
[  434.900033] CPU1: Core temperature above threshold, cpu clock throttled (total events = 5565)
[  434.900034] CPU0: Core temperature above threshold, cpu clock throttled (total events = 5565)
[  434.900037] CPU3: Package temperature above threshold, cpu clock throttled (total events = 6035)
[  434.900040] CPU2: Package temperature above threshold, cpu clock throttled (total events = 6035)
[  434.900041] CPU0: Package temperature above threshold, cpu clock throttled (total events = 6035)
[  434.900045] CPU1: Package temperature above threshold, cpu clock throttled (total events = 6035)
[  434.901065] CPU1: Core temperature/speed normal
[  434.901066] CPU0: Core temperature/speed normal
[  434.901068] CPU3: Package temperature/speed normal
[  434.901070] CPU2: Package temperature/speed normal
[  434.901071] CPU0: Package temperature/speed normal
[  434.901075] CPU1: Package temperature/speed normal
[  466.079853] SUPR0GipMap: fGetGipCpu=0xb
[  466.426591] vboxdrv: 00000000e51b7b5c VMMR0.r0
[  466.661549] IPv6: ADDRCONF(NETDEV_UP): vboxnet0: link is not ready
[  466.700401] VBoxNetFlt: attached to 'vboxnet0' / 0a:00:27:00:00:00
[  466.700657] IPv6: ADDRCONF(NETDEV_CHANGE): vboxnet0: link becomes ready
[  466.701236] device vboxnet0 entered promiscuous mode
[  466.701317] audit: type=1700 audit(1583993085.619:155): dev=vboxnet0 prom=256 old_prom=0 auid=1000 uid=1000 gid=1000 ses=2
[  466.701322] audit: type=1300 audit(1583993085.619:155): arch=c000003e syscall=16 success=yes exit=0 a0=8 a1=c0485687 a2=7fffe27ffd00 a3=fffffffd items=0 ppid=3108 pid=4486 auid=1000 uid=1000 gid=1000 euid=1000 suid=1000 fsuid=1000 egid=1000 sgid=1000 fsgid=1000 tty=(none) ses=2 comm="VBoxNetDHCP" exe="/opt/VirtualBox/VBoxNetDHCP" key=(null)
[  466.701470] audit: type=1327 audit(1583993085.619:155): proctitle=2F6F70742F5669727475616C426F782F56426F784E657444484350002D2D636F6D6D656E7400486F7374496E746572666163654E6574776F726B696E672D76626F786E657430002D2D636F6E666967002F746D702F646863702D636F6E6669672D76316676312E786D6C
[  466.863552] userif-6: sent link down event.
[  466.863557] userif-8: sent link down event.
[  466.863559] userif-6: sent link up event.
[  466.863561] userif-8: sent link up event.
[  466.863673] userif-4: sent link down event.
[  466.863676] userif-4: sent link up event.
[  466.900306] vboxdrv: 0000000062cdf826 VBoxDDR0.r0
[  720.676650] vboxdrv: 0000000040ce774b VBoxDDR0.r0
[  734.827956] CPU0: Core temperature above threshold, cpu clock throttled (total events = 25548)
[  734.827958] CPU1: Core temperature above threshold, cpu clock throttled (total events = 25548)
[  734.827963] CPU2: Package temperature above threshold, cpu clock throttled (total events = 27638)
[  734.827964] CPU3: Package temperature above threshold, cpu clock throttled (total events = 27638)
[  734.827966] CPU1: Package temperature above threshold, cpu clock throttled (total events = 27638)
[  734.827970] CPU0: Package temperature above threshold, cpu clock throttled (total events = 27638)
[  734.828990] CPU0: Core temperature/speed normal
[  734.828991] CPU1: Core temperature/speed normal
[  734.828994] CPU3: Package temperature/speed normal
[  734.828996] CPU2: Package temperature/speed normal
[  734.828997] CPU1: Package temperature/speed normal
[  734.828999] CPU0: Package temperature/speed normal
[  942.041868] audit: type=1130 audit(1583993560.997:156): pid=1 uid=0 auid=4294967295 ses=4294967295 msg='unit=systemd-tmpfiles-clean comm="systemd" exe="/usr/lib/systemd/systemd" hostname=? addr=? terminal=? res=success'
[  942.041874] audit: type=1131 audit(1583993560.997:157): pid=1 uid=0 auid=4294967295 ses=4294967295 msg='unit=systemd-tmpfiles-clean comm="systemd" exe="/usr/lib/systemd/systemd" hostname=? addr=? terminal=? res=success'
[ 1127.465064] CPU1: Core temperature above threshold, cpu clock throttled (total events = 27158)
[ 1127.465066] CPU0: Core temperature above threshold, cpu clock throttled (total events = 27158)
[ 1127.465068] CPU0: Package temperature above threshold, cpu clock throttled (total events = 29273)
[ 1127.465069] CPU1: Package temperature above threshold, cpu clock throttled (total events = 29273)
[ 1127.465079] CPU2: Package temperature above threshold, cpu clock throttled (total events = 29273)
[ 1127.465080] CPU3: Package temperature above threshold, cpu clock throttled (total events = 29273)
[ 1127.466067] CPU1: Core temperature/speed normal
[ 1127.466068] CPU0: Core temperature/speed normal
[ 1127.466070] CPU2: Package temperature/speed normal
[ 1127.466071] CPU3: Package temperature/speed normal
[ 1127.466072] CPU0: Package temperature/speed normal
[ 1127.466073] CPU1: Package temperature/speed normal
[ 1362.927857] audit: type=1130 audit(1583993981.908:158): pid=1 uid=0 auid=4294967295 ses=4294967295 msg='unit=fprintd comm="systemd" exe="/usr/lib/systemd/systemd" hostname=? addr=? terminal=? res=success'
[ 1366.039758] audit: type=1100 audit(1583993985.018:159): pid=29087 uid=1000 auid=1000 ses=2 msg='op=PAM:authentication grantors=pam_unix acct="jmsantiago" exe="/usr/bin/sudo" hostname=? addr=? terminal=/dev/pts/0 res=success'
[ 1366.039942] audit: type=1101 audit(1583993985.018:160): pid=29087 uid=1000 auid=1000 ses=2 msg='op=PAM:accounting grantors=pam_unix,pam_permit,pam_time acct="jmsantiago" exe="/usr/bin/sudo" hostname=? addr=? terminal=/dev/pts/0 res=success'
[ 1366.040200] audit: type=1110 audit(1583993985.018:161): pid=29087 uid=0 auid=1000 ses=2 msg='op=PAM:setcred grantors=pam_unix acct="root" exe="/usr/bin/sudo" hostname=? addr=? terminal=/dev/pts/0 res=success'
[ 1366.042009] audit: type=1105 audit(1583993985.018:162): pid=29087 uid=0 auid=1000 ses=2 msg='op=PAM:session_open grantors=pam_limits,pam_unix,pam_permit acct="root" exe="/usr/bin/sudo" hostname=? addr=? terminal=/dev/pts/0 res=success'
[ 1366.203595] audit: type=1106 audit(1583993985.188:163): pid=29087 uid=0 auid=1000 ses=2 msg='op=PAM:session_close grantors=pam_limits,pam_unix,pam_permit acct="root" exe="/usr/bin/sudo" hostname=? addr=? terminal=/dev/pts/0 res=success'
[ 1366.203754] audit: type=1104 audit(1583993985.188:164): pid=29087 uid=0 auid=1000 ses=2 msg='op=PAM:setcred grantors=pam_unix acct="root" exe="/usr/bin/sudo" hostname=? addr=? terminal=/dev/pts/0 res=success'
[ 1378.609864] audit: type=1101 audit(1583993997.589:165): pid=29464 uid=1000 auid=1000 ses=2 msg='op=PAM:accounting grantors=pam_unix,pam_permit,pam_time acct="jmsantiago" exe="/usr/bin/sudo" hostname=? addr=? terminal=/dev/pts/0 res=success'
[ 1378.610080] audit: type=1110 audit(1583993997.589:166): pid=29464 uid=0 auid=1000 ses=2 msg='op=PAM:setcred grantors=pam_env,pam_fprintd acct="root" exe="/usr/bin/sudo" hostname=? addr=? terminal=/dev/pts/0 res=success'
[ 1378.617431] audit: type=1105 audit(1583993997.599:167): pid=29464 uid=0 auid=1000 ses=2 msg='op=PAM:session_open grantors=pam_limits,pam_unix,pam_permit acct="root" exe="/usr/bin/sudo" hostname=? addr=? terminal=/dev/pts/0 res=success'
[ 1378.690162] audit: type=1106 audit(1583993997.669:168): pid=29464 uid=0 auid=1000 ses=2 msg='op=PAM:session_close grantors=pam_limits,pam_unix,pam_permit acct="root" exe="/usr/bin/sudo" hostname=? addr=? terminal=/dev/pts/0 res=success'
[ 1378.690256] audit: type=1104 audit(1583993997.669:169): pid=29464 uid=0 auid=1000 ses=2 msg='op=PAM:setcred grantors=pam_env,pam_fprintd acct="root" exe="/usr/bin/sudo" hostname=? addr=? terminal=/dev/pts/0 res=success'
[ 1393.392362] audit: type=1131 audit(1583994012.381:170): pid=1 uid=0 auid=4294967295 ses=4294967295 msg='unit=fprintd comm="systemd" exe="/usr/lib/systemd/systemd" hostname=? addr=? terminal=? res=success'
[ 1394.641212] audit: type=1101 audit(1583994013.631:171): pid=29491 uid=1000 auid=1000 ses=2 msg='op=PAM:accounting grantors=pam_unix,pam_permit,pam_time acct="jmsantiago" exe="/usr/bin/sudo" hostname=? addr=? terminal=/dev/pts/0 res=success'
[ 1394.641441] audit: type=1110 audit(1583994013.631:172): pid=29491 uid=0 auid=1000 ses=2 msg='op=PAM:setcred grantors=pam_env,pam_fprintd acct="root" exe="/usr/bin/sudo" hostname=? addr=? terminal=/dev/pts/0 res=success'
[ 1394.645784] audit: type=1105 audit(1583994013.631:173): pid=29491 uid=0 auid=1000 ses=2 msg='op=PAM:session_open grantors=pam_limits,pam_unix,pam_permit acct="root" exe="/usr/bin/sudo" hostname=? addr=? terminal=/dev/pts/0 res=success'
[ 1396.479728] audit: type=1106 audit(1583994015.461:174): pid=29491 uid=0 auid=1000 ses=2 msg='op=PAM:session_close grantors=pam_limits,pam_unix,pam_permit acct="root" exe="/usr/bin/sudo" hostname=? addr=? terminal=/dev/pts/0 res=success'
[ 1396.479821] audit: type=1104 audit(1583994015.461:175): pid=29491 uid=0 auid=1000 ses=2 msg='op=PAM:setcred grantors=pam_env,pam_fprintd acct="root" exe="/usr/bin/sudo" hostname=? addr=? terminal=/dev/pts/0 res=success'
[ 1475.810308] audit: type=1101 audit(1583994094.797:176): pid=30653 uid=1000 auid=1000 ses=2 msg='op=PAM:accounting grantors=pam_unix,pam_permit,pam_time acct="jmsantiago" exe="/usr/bin/sudo" hostname=? addr=? terminal=/dev/pts/0 res=success'
[ 1475.810493] audit: type=1110 audit(1583994094.797:177): pid=30653 uid=0 auid=1000 ses=2 msg='op=PAM:setcred grantors=pam_env,pam_fprintd acct="root" exe="/usr/bin/sudo" hostname=? addr=? terminal=/dev/pts/0 res=success'
[ 1475.814459] audit: type=1105 audit(1583994094.807:178): pid=30653 uid=0 auid=1000 ses=2 msg='op=PAM:session_open grantors=pam_limits,pam_unix,pam_permit acct="root" exe="/usr/bin/sudo" hostname=? addr=? terminal=/dev/pts/0 res=success'
[ 1486.160653] audit: type=1106 audit(1583994105.148:179): pid=30653 uid=0 auid=1000 ses=2 msg='op=PAM:session_close grantors=pam_limits,pam_unix,pam_permit acct="root" exe="/usr/bin/sudo" hostname=? addr=? terminal=/dev/pts/0 res=success'
[ 1486.160763] audit: type=1104 audit(1583994105.148:180): pid=30653 uid=0 auid=1000 ses=2 msg='op=PAM:setcred grantors=pam_env,pam_fprintd acct="root" exe="/usr/bin/sudo" hostname=? addr=? terminal=/dev/pts/0 res=success'
[ 1490.032669] audit: type=1101 audit(1583994109.018:181): pid=30961 uid=1000 auid=1000 ses=2 msg='op=PAM:accounting grantors=pam_unix,pam_permit,pam_time acct="jmsantiago" exe="/usr/bin/sudo" hostname=? addr=? terminal=/dev/pts/0 res=success'
[ 1490.033493] audit: type=1110 audit(1583994109.018:182): pid=30961 uid=0 auid=1000 ses=2 msg='op=PAM:setcred grantors=pam_env,pam_fprintd acct="root" exe="/usr/bin/sudo" hostname=? addr=? terminal=/dev/pts/0 res=success'
[ 1490.037948] audit: type=1105 audit(1583994109.028:183): pid=30961 uid=0 auid=1000 ses=2 msg='op=PAM:session_open grantors=pam_limits,pam_unix,pam_permit acct="root" exe="/usr/bin/sudo" hostname=? addr=? terminal=/dev/pts/0 res=success'
[ 1491.569360] audit: type=1106 audit(1583994110.558:184): pid=30961 uid=0 auid=1000 ses=2 msg='op=PAM:session_close grantors=pam_limits,pam_unix,pam_permit acct="root" exe="/usr/bin/sudo" hostname=? addr=? terminal=/dev/pts/0 res=success'
[ 1491.569456] audit: type=1104 audit(1583994110.558:185): pid=30961 uid=0 auid=1000 ses=2 msg='op=PAM:setcred grantors=pam_env,pam_fprintd acct="root" exe="/usr/bin/sudo" hostname=? addr=? terminal=/dev/pts/0 res=success'
[ 1682.997412] CPU0: Core temperature above threshold, cpu clock throttled (total events = 28139)
[ 1682.997413] CPU1: Core temperature above threshold, cpu clock throttled (total events = 28139)
[ 1682.997416] CPU3: Package temperature above threshold, cpu clock throttled (total events = 30392)
[ 1682.997418] CPU2: Package temperature above threshold, cpu clock throttled (total events = 30392)
[ 1682.997419] CPU1: Package temperature above threshold, cpu clock throttled (total events = 30392)
[ 1682.997421] CPU0: Package temperature above threshold, cpu clock throttled (total events = 30392)
[ 1682.999438] CPU1: Core temperature/speed normal
[ 1682.999440] CPU2: Package temperature/speed normal
[ 1682.999441] CPU3: Package temperature/speed normal
[ 1682.999443] CPU0: Core temperature/speed normal
[ 1682.999444] CPU0: Package temperature/speed normal
[ 1682.999445] CPU1: Package temperature/speed normal
[ 1846.766074] audit: type=1130 audit(1583994465.744:186): pid=1 uid=0 auid=4294967295 ses=4294967295 msg='unit=NetworkManager-dispatcher comm="systemd" exe="/usr/lib/systemd/systemd" hostname=? addr=? terminal=? res=success'
[ 1846.953678] userif-4: sent link down event.
[ 1846.953682] userif-4: sent link up event.
[ 1846.953698] userif-8: sent link down event.
[ 1846.953702] userif-8: sent link up event.
[ 1846.953707] userif-6: sent link down event.
[ 1846.953710] userif-6: sent link up event.
[ 1857.329072] audit: type=1131 audit(1583994476.315:187): pid=1 uid=0 auid=4294967295 ses=4294967295 msg='unit=NetworkManager-dispatcher comm="systemd" exe="/usr/lib/systemd/systemd" hostname=? addr=? terminal=? res=success'
[ 1982.992510] CPU0: Core temperature above threshold, cpu clock throttled (total events = 28880)
[ 1982.992512] CPU1: Core temperature above threshold, cpu clock throttled (total events = 28880)
[ 1982.992516] CPU3: Package temperature above threshold, cpu clock throttled (total events = 31151)
[ 1982.992518] CPU2: Package temperature above threshold, cpu clock throttled (total events = 31151)
[ 1982.992520] CPU1: Package temperature above threshold, cpu clock throttled (total events = 31151)
[ 1982.992524] CPU0: Package temperature above threshold, cpu clock throttled (total events = 31151)
[ 1982.993493] CPU0: Core temperature/speed normal
[ 1982.993495] CPU1: Core temperature/speed normal
[ 1982.993497] CPU2: Package temperature/speed normal
[ 1982.993499] CPU3: Package temperature/speed normal
[ 1982.993500] CPU1: Package temperature/speed normal
[ 1982.993503] CPU0: Package temperature/speed normal
[ 2026.199438] CPU2: Core temperature above threshold, cpu clock throttled (total events = 2090)
[ 2026.199439] CPU3: Core temperature above threshold, cpu clock throttled (total events = 2090)
[ 2026.200469] CPU2: Core temperature/speed normal
[ 2026.200470] CPU3: Core temperature/speed normal
[ 2320.546727] CPU0: Core temperature above threshold, cpu clock throttled (total events = 29338)
[ 2320.546728] CPU1: Core temperature above threshold, cpu clock throttled (total events = 29338)
[ 2320.546731] CPU2: Package temperature above threshold, cpu clock throttled (total events = 31794)
[ 2320.546733] CPU3: Package temperature above threshold, cpu clock throttled (total events = 31794)
[ 2320.546734] CPU1: Package temperature above threshold, cpu clock throttled (total events = 31794)
[ 2320.546736] CPU0: Package temperature above threshold, cpu clock throttled (total events = 31794)
[ 2320.547727] CPU1: Core temperature/speed normal
[ 2320.547728] CPU0: Core temperature/speed normal
[ 2320.547730] CPU2: Package temperature/speed normal
[ 2320.547731] CPU3: Package temperature/speed normal
[ 2320.547733] CPU0: Package temperature/speed normal
[ 2320.547734] CPU1: Package temperature/speed normal
[ 2808.160731] audit: type=1130 audit(1583995427.154:188): pid=1 uid=0 auid=4294967295 ses=4294967295 msg='unit=fprintd comm="systemd" exe="/usr/lib/systemd/systemd" hostname=? addr=? terminal=? res=success'
[ 2811.209691] audit: type=1100 audit(1583995430.204:189): pid=12051 uid=1000 auid=1000 ses=2 msg='op=PAM:authentication grantors=pam_unix acct="jmsantiago" exe="/usr/bin/sudo" hostname=? addr=? terminal=/dev/pts/0 res=success'
[ 2811.209976] audit: type=1101 audit(1583995430.204:190): pid=12051 uid=1000 auid=1000 ses=2 msg='op=PAM:accounting grantors=pam_unix,pam_permit,pam_time acct="jmsantiago" exe="/usr/bin/sudo" hostname=? addr=? terminal=/dev/pts/0 res=success'
[ 2811.210323] audit: type=1110 audit(1583995430.204:191): pid=12051 uid=0 auid=1000 ses=2 msg='op=PAM:setcred grantors=pam_unix acct="root" exe="/usr/bin/sudo" hostname=? addr=? terminal=/dev/pts/0 res=success'
[ 2811.212452] audit: type=1105 audit(1583995430.204:192): pid=12051 uid=0 auid=1000 ses=2 msg='op=PAM:session_open grantors=pam_limits,pam_unix,pam_permit acct="root" exe="/usr/bin/sudo" hostname=? addr=? terminal=/dev/pts/0 res=success'
